14:35:22 **** Incremental Build of configuration Debug for project GreedyFTL ****
make all 
make: Nothing to be done for 'all'.

14:35:22 Build Finished (took 372ms)

14:35:22 **** Incremental Build of configuration Release for project GreedyFTL ****
make all 
Building file: ../src/nvme/host_lld.c
Invoking: ARM gcc compiler
arm-xilinx-eabi-gcc -Wall -O2 -c -fmessage-length=0 -MT"src/nvme/host_lld.o" -I../../GreedyFTL_bsp/ps7_cortexa9_0/include -MMD -MP -MF"src/nvme/host_lld.d" -MT"src/nvme/host_lld.d" -o "src/nvme/host_lld.o" "../src/nvme/host_lld.c"
Finished building: ../src/nvme/host_lld.c
 
Building file: ../src/nvme/nvme_admin_cmd.c
Invoking: ARM gcc compiler
arm-xilinx-eabi-gcc -Wall -O2 -c -fmessage-length=0 -MT"src/nvme/nvme_admin_cmd.o" -I../../GreedyFTL_bsp/ps7_cortexa9_0/include -MMD -MP -MF"src/nvme/nvme_admin_cmd.d" -MT"src/nvme/nvme_admin_cmd.d" -o "src/nvme/nvme_admin_cmd.o" "../src/nvme/nvme_admin_cmd.c"
Finished building: ../src/nvme/nvme_admin_cmd.c
 
Building file: ../src/nvme/nvme_identify.c
Invoking: ARM gcc compiler
arm-xilinx-eabi-gcc -Wall -O2 -c -fmessage-length=0 -MT"src/nvme/nvme_identify.o" -I../../GreedyFTL_bsp/ps7_cortexa9_0/include -MMD -MP -MF"src/nvme/nvme_identify.d" -MT"src/nvme/nvme_identify.d" -o "src/nvme/nvme_identify.o" "../src/nvme/nvme_identify.c"
Finished building: ../src/nvme/nvme_identify.c
 
Building file: ../src/nvme/nvme_io_cmd.c
Invoking: ARM gcc compiler
arm-xilinx-eabi-gcc -Wall -O2 -c -fmessage-length=0 -MT"src/nvme/nvme_io_cmd.o" -I../../GreedyFTL_bsp/ps7_cortexa9_0/include -MMD -MP -MF"src/nvme/nvme_io_cmd.d" -MT"src/nvme/nvme_io_cmd.d" -o "src/nvme/nvme_io_cmd.o" "../src/nvme/nvme_io_cmd.c"
Finished building: ../src/nvme/nvme_io_cmd.c
 
Building file: ../src/nvme/nvme_main.c
Invoking: ARM gcc compiler
arm-xilinx-eabi-gcc -Wall -O2 -c -fmessage-length=0 -MT"src/nvme/nvme_main.o" -I../../GreedyFTL_bsp/ps7_cortexa9_0/include -MMD -MP -MF"src/nvme/nvme_main.d" -MT"src/nvme/nvme_main.d" -o "src/nvme/nvme_main.o" "../src/nvme/nvme_main.c"
Finished building: ../src/nvme/nvme_main.c
 
Building file: ../src/fmc_driver.c
Invoking: ARM gcc compiler
arm-xilinx-eabi-gcc -Wall -O2 -c -fmessage-length=0 -MT"src/fmc_driver.o" -I../../GreedyFTL_bsp/ps7_cortexa9_0/include -MMD -MP -MF"src/fmc_driver.d" -MT"src/fmc_driver.d" -o "src/fmc_driver.o" "../src/fmc_driver.c"
Finished building: ../src/fmc_driver.c
 
Building file: ../src/init_ftl.c
Invoking: ARM gcc compiler
arm-xilinx-eabi-gcc -Wall -O2 -c -fmessage-length=0 -MT"src/init_ftl.o" -I../../GreedyFTL_bsp/ps7_cortexa9_0/include -MMD -MP -MF"src/init_ftl.d" -MT"src/init_ftl.d" -o "src/init_ftl.o" "../src/init_ftl.c"
Finished building: ../src/init_ftl.c
 
Building file: ../src/low_level_scheduler.c
Invoking: ARM gcc compiler
arm-xilinx-eabi-gcc -Wall -O2 -c -fmessage-length=0 -MT"src/low_level_scheduler.o" -I../../GreedyFTL_bsp/ps7_cortexa9_0/include -MMD -MP -MF"src/low_level_scheduler.d" -MT"src/low_level_scheduler.d" -o "src/low_level_scheduler.o" "../src/low_level_scheduler.c"
Finished building: ../src/low_level_scheduler.c
 
Building file: ../src/lru_buffer.c
Invoking: ARM gcc compiler
arm-xilinx-eabi-gcc -Wall -O2 -c -fmessage-length=0 -MT"src/lru_buffer.o" -I../../GreedyFTL_bsp/ps7_cortexa9_0/include -MMD -MP -MF"src/lru_buffer.d" -MT"src/lru_buffer.d" -o "src/lru_buffer.o" "../src/lru_buffer.c"
Finished building: ../src/lru_buffer.c
 
Building file: ../src/main.c
Invoking: ARM gcc compiler
arm-xilinx-eabi-gcc -Wall -O2 -c -fmessage-length=0 -MT"src/main.o" -I../../GreedyFTL_bsp/ps7_cortexa9_0/include -MMD -MP -MF"src/main.d" -MT"src/main.d" -o "src/main.o" "../src/main.c"
Finished building: ../src/main.c
 
Building file: ../src/page_map.c
Invoking: ARM gcc compiler
arm-xilinx-eabi-gcc -Wall -O2 -c -fmessage-length=0 -MT"src/page_map.o" -I../../GreedyFTL_bsp/ps7_cortexa9_0/include -MMD -MP -MF"src/page_map.d" -MT"src/page_map.d" -o "src/page_map.o" "../src/page_map.c"
Finished building: ../src/page_map.c
 
Building target: GreedyFTL.elf
Invoking: ARM gcc linker
arm-xilinx-eabi-gcc -Wl,-T -Wl,../src/lscript.ld -L../../GreedyFTL_bsp/ps7_cortexa9_0/lib -o "GreedyFTL.elf"  ./src/nvme/host_lld.o ./src/nvme/nvme_admin_cmd.o ./src/nvme/nvme_identify.o ./src/nvme/nvme_io_cmd.o ./src/nvme/nvme_main.o  ./src/fmc_driver.o ./src/init_ftl.o ./src/low_level_scheduler.o ./src/lru_buffer.o ./src/main.o ./src/page_map.o   -Wl,--start-group,-lxil,-lgcc,-lc,--end-group
Finished building target: GreedyFTL.elf
 
Invoking: ARM Print Size
arm-xilinx-eabi-size GreedyFTL.elf  |tee "GreedyFTL.elf.size"
   text	   data	    bss	    dec	    hex	filename
  87364	   3096	  23020	 113480	  1bb48	GreedyFTL.elf
Finished building: GreedyFTL.elf.size
 
14:36:17 **** Incremental Build of configuration Debug for project GreedyFTL ****
make all 
make: Nothing to be done for 'all'.
15:15:13 **** Build of project GreedyFTLd_bsp ****
make -k all 
Running Make include in ps7_cortexa9_0/libsrc/iicps_v2_3/src
make -C ps7_cortexa9_0/libsrc/iicps_v2_3/src -s include  "SHELL=/bin/sh" "COMPILER=arm-xilinx-eabi-gcc" "ARCHIVER=arm-xilinx-eabi-ar" "COMPILER_FLAGS=  -O2 -c" "EXTRA_COMPILER_FLAGS=-g"
Running Make include in ps7_cortexa9_0/libsrc/sdps_v2_3/src
make -C ps7_cortexa9_0/libsrc/sdps_v2_3/src -s include  "SHELL=/bin/sh" "COMPILER=arm-xilinx-eabi-gcc" "ARCHIVER=arm-xilinx-eabi-ar" "COMPILER_FLAGS=  -O2 -c" "EXTRA_COMPILER_FLAGS=-g"
Running Make include in ps7_cortexa9_0/libsrc/scuwdt_v2_0/src
make -C ps7_cortexa9_0/libsrc/scuwdt_v2_0/src -s include  "SHELL=/bin/sh" "COMPILER=arm-xilinx-eabi-gcc" "ARCHIVER=arm-xilinx-eabi-ar" "COMPILER_FLAGS=  -O2 -c" "EXTRA_COMPILER_FLAGS=-g"
Running Make include in ps7_cortexa9_0/libsrc/scutimer_v2_0/src
make -C ps7_cortexa9_0/libsrc/scutimer_v2_0/src -s include  "SHELL=/bin/sh" "COMPILER=arm-xilinx-eabi-gcc" "ARCHIVER=arm-xilinx-eabi-ar" "COMPILER_FLAGS=  -O2 -c" "EXTRA_COMPILER_FLAGS=-g"
Running Make include in ps7_cortexa9_0/libsrc/uartps_v2_2/src
make -C ps7_cortexa9_0/libsrc/uartps_v2_2/src -s include  "SHELL=/bin/sh" "COMPILER=arm-xilinx-eabi-gcc" "ARCHIVER=arm-xilinx-eabi-ar" "COMPILER_FLAGS=  -O2 -c" "EXTRA_COMPILER_FLAGS=-g"
Running Make include in ps7_cortexa9_0/libsrc/scugic_v2_1/src
make -C ps7_cortexa9_0/libsrc/scugic_v2_1/src -s include  "SHELL=/bin/sh" "COMPILER=arm-xilinx-eabi-gcc" "ARCHIVER=arm-xilinx-eabi-ar" "COMPILER_FLAGS=  -O2 -c" "EXTRA_COMPILER_FLAGS=-g"
Running Make include in ps7_cortexa9_0/libsrc/qspips_v3_1/src
make -C ps7_cortexa9_0/libsrc/qspips_v3_1/src -s include  "SHELL=/bin/sh" "COMPILER=arm-xilinx-eabi-gcc" "ARCHIVER=arm-xilinx-eabi-ar" "COMPILER_FLAGS=  -O2 -c" "EXTRA_COMPILER_FLAGS=-g"
Running Make include in ps7_cortexa9_0/libsrc/dmaps_v2_1/src
make -C ps7_cortexa9_0/libsrc/dmaps_v2_1/src -s include  "SHELL=/bin/sh" "COMPILER=arm-xilinx-eabi-gcc" "ARCHIVER=arm-xilinx-eabi-ar" "COMPILER_FLAGS=  -O2 -c" "EXTRA_COMPILER_FLAGS=-g"
Running Make include in ps7_cortexa9_0/libsrc/standalone_v4_2/src
make -C ps7_cortexa9_0/libsrc/standalone_v4_2/src -s include  "SHELL=/bin/sh" "COMPILER=arm-xilinx-eabi-gcc" "ARCHIVER=arm-xilinx-eabi-ar" "COMPILER_FLAGS=  -O2 -c" "EXTRA_COMPILER_FLAGS=-g"
Running Make include in ps7_cortexa9_0/libsrc/devcfg_v3_2/src
make -C ps7_cortexa9_0/libsrc/devcfg_v3_2/src -s include  "SHELL=/bin/sh" "COMPILER=arm-xilinx-eabi-gcc" "ARCHIVER=arm-xilinx-eabi-ar" "COMPILER_FLAGS=  -O2 -c" "EXTRA_COMPILER_FLAGS=-g"
Running Make include in ps7_cortexa9_0/libsrc/usbps_v2_2/src
make -C ps7_cortexa9_0/libsrc/usbps_v2_2/src -s include  "SHELL=/bin/sh" "COMPILER=arm-xilinx-eabi-gcc" "ARCHIVER=arm-xilinx-eabi-ar" "COMPILER_FLAGS=  -O2 -c" "EXTRA_COMPILER_FLAGS=-g"
Running Make include in ps7_cortexa9_0/libsrc/gpiops_v2_2/src
make -C ps7_cortexa9_0/libsrc/gpiops_v2_2/src -s include  "SHELL=/bin/sh" "COMPILER=arm-xilinx-eabi-gcc" "ARCHIVER=arm-xilinx-eabi-ar" "COMPILER_FLAGS=  -O2 -c" "EXTRA_COMPILER_FLAGS=-g"
Running Make include in ps7_cortexa9_0/libsrc/emacps_v2_2/src
make -C ps7_cortexa9_0/libsrc/emacps_v2_2/src -s include  "SHELL=/bin/sh" "COMPILER=arm-xilinx-eabi-gcc" "ARCHIVER=arm-xilinx-eabi-ar" "COMPILER_FLAGS=  -O2 -c" "EXTRA_COMPILER_FLAGS=-g"
Running Make include in ps7_cortexa9_0/libsrc/xadcps_v2_1/src
make -C ps7_cortexa9_0/libsrc/xadcps_v2_1/src -s include  "SHELL=/bin/sh" "COMPILER=arm-xilinx-eabi-gcc" "ARCHIVER=arm-xilinx-eabi-ar" "COMPILER_FLAGS=  -O2 -c" "EXTRA_COMPILER_FLAGS=-g"
Running Make include in ps7_cortexa9_0/libsrc/cpu_cortexa9_v2_1/src
make -C ps7_cortexa9_0/libsrc/cpu_cortexa9_v2_1/src -s include  "SHELL=/bin/sh" "COMPILER=arm-xilinx-eabi-gcc" "ARCHIVER=arm-xilinx-eabi-ar" "COMPILER_FLAGS=  -O2 -c" "EXTRA_COMPILER_FLAGS=-g"
Running Make libs in ps7_cortexa9_0/libsrc/iicps_v2_3/src
make -C ps7_cortexa9_0/libsrc/iicps_v2_3/src -s libs  "SHELL=/bin/sh" "COMPILER=arm-xilinx-eabi-gcc" "ARCHIVER=arm-xilinx-eabi-ar" "COMPILER_FLAGS=  -O2 -c" "EXTRA_COMPILER_FLAGS=-g"
Compiling iicps
arm-xilinx-eabi-ar: creating ../../../lib/libxil.a
Running Make libs in ps7_cortexa9_0/libsrc/sdps_v2_3/src
make -C ps7_cortexa9_0/libsrc/sdps_v2_3/src -s libs  "SHELL=/bin/sh" "COMPILER=arm-xilinx-eabi-gcc" "ARCHIVER=arm-xilinx-eabi-ar" "COMPILER_FLAGS=  -O2 -c" "EXTRA_COMPILER_FLAGS=-g"
Compiling sdps
Running Make libs in ps7_cortexa9_0/libsrc/scuwdt_v2_0/src
make -C ps7_cortexa9_0/libsrc/scuwdt_v2_0/src -s libs  "SHELL=/bin/sh" "COMPILER=arm-xilinx-eabi-gcc" "ARCHIVER=arm-xilinx-eabi-ar" "COMPILER_FLAGS=  -O2 -c" "EXTRA_COMPILER_FLAGS=-g"
Compiling scuwdt
Running Make libs in ps7_cortexa9_0/libsrc/scutimer_v2_0/src
make -C ps7_cortexa9_0/libsrc/scutimer_v2_0/src -s libs  "SHELL=/bin/sh" "COMPILER=arm-xilinx-eabi-gcc" "ARCHIVER=arm-xilinx-eabi-ar" "COMPILER_FLAGS=  -O2 -c" "EXTRA_COMPILER_FLAGS=-g"
Compiling scutimer
Running Make libs in ps7_cortexa9_0/libsrc/uartps_v2_2/src
make -C ps7_cortexa9_0/libsrc/uartps_v2_2/src -s libs  "SHELL=/bin/sh" "COMPILER=arm-xilinx-eabi-gcc" "ARCHIVER=arm-xilinx-eabi-ar" "COMPILER_FLAGS=  -O2 -c" "EXTRA_COMPILER_FLAGS=-g"
Compiling uartps
Running Make libs in ps7_cortexa9_0/libsrc/scugic_v2_1/src
make -C ps7_cortexa9_0/libsrc/scugic_v2_1/src -s libs  "SHELL=/bin/sh" "COMPILER=arm-xilinx-eabi-gcc" "ARCHIVER=arm-xilinx-eabi-ar" "COMPILER_FLAGS=  -O2 -c" "EXTRA_COMPILER_FLAGS=-g"
Compiling scugic
Running Make libs in ps7_cortexa9_0/libsrc/qspips_v3_1/src
make -C ps7_cortexa9_0/libsrc/qspips_v3_1/src -s libs  "SHELL=/bin/sh" "COMPILER=arm-xilinx-eabi-gcc" "ARCHIVER=arm-xilinx-eabi-ar" "COMPILER_FLAGS=  -O2 -c" "EXTRA_COMPILER_FLAGS=-g"
Compiling qspips
Running Make libs in ps7_cortexa9_0/libsrc/dmaps_v2_1/src
make -C ps7_cortexa9_0/libsrc/dmaps_v2_1/src -s libs  "SHELL=/bin/sh" "COMPILER=arm-xilinx-eabi-gcc" "ARCHIVER=arm-xilinx-eabi-ar" "COMPILER_FLAGS=  -O2 -c" "EXTRA_COMPILER_FLAGS=-g"
Compiling dmaps
Running Make libs in ps7_cortexa9_0/libsrc/standalone_v4_2/src
make -C ps7_cortexa9_0/libsrc/standalone_v4_2/src -s libs  "SHELL=/bin/sh" "COMPILER=arm-xilinx-eabi-gcc" "ARCHIVER=arm-xilinx-eabi-ar" "COMPILER_FLAGS=  -O2 -c" "EXTRA_COMPILER_FLAGS=-g"
Compiling standalone
Running Make libs in ps7_cortexa9_0/libsrc/devcfg_v3_2/src
make -C ps7_cortexa9_0/libsrc/devcfg_v3_2/src -s libs  "SHELL=/bin/sh" "COMPILER=arm-xilinx-eabi-gcc" "ARCHIVER=arm-xilinx-eabi-ar" "COMPILER_FLAGS=  -O2 -c" "EXTRA_COMPILER_FLAGS=-g"
Compiling devcfg
Running Make libs in ps7_cortexa9_0/libsrc/usbps_v2_2/src
make -C ps7_cortexa9_0/libsrc/usbps_v2_2/src -s libs  "SHELL=/bin/sh" "COMPILER=arm-xilinx-eabi-gcc" "ARCHIVER=arm-xilinx-eabi-ar" "COMPILER_FLAGS=  -O2 -c" "EXTRA_COMPILER_FLAGS=-g"
Compiling usbps
Running Make libs in ps7_cortexa9_0/libsrc/gpiops_v2_2/src
make -C ps7_cortexa9_0/libsrc/gpiops_v2_2/src -s libs  "SHELL=/bin/sh" "COMPILER=arm-xilinx-eabi-gcc" "ARCHIVER=arm-xilinx-eabi-ar" "COMPILER_FLAGS=  -O2 -c" "EXTRA_COMPILER_FLAGS=-g"
Compiling gpiops
Running Make libs in ps7_cortexa9_0/libsrc/emacps_v2_2/src
make -C ps7_cortexa9_0/libsrc/emacps_v2_2/src -s libs  "SHELL=/bin/sh" "COMPILER=arm-xilinx-eabi-gcc" "ARCHIVER=arm-xilinx-eabi-ar" "COMPILER_FLAGS=  -O2 -c" "EXTRA_COMPILER_FLAGS=-g"
Compiling emacps
Running Make libs in ps7_cortexa9_0/libsrc/xadcps_v2_1/src
make -C ps7_cortexa9_0/libsrc/xadcps_v2_1/src -s libs  "SHELL=/bin/sh" "COMPILER=arm-xilinx-eabi-gcc" "ARCHIVER=arm-xilinx-eabi-ar" "COMPILER_FLAGS=  -O2 -c" "EXTRA_COMPILER_FLAGS=-g"
Compiling xadcps
Running Make libs in ps7_cortexa9_0/libsrc/cpu_cortexa9_v2_1/src
make -C ps7_cortexa9_0/libsrc/cpu_cortexa9_v2_1/src -s libs  "SHELL=/bin/sh" "COMPILER=arm-xilinx-eabi-gcc" "ARCHIVER=arm-xilinx-eabi-ar" "COMPILER_FLAGS=  -O2 -c" "EXTRA_COMPILER_FLAGS=-g"
Compiling cpu_cortexa9
Finished building libraries

**** Build of configuration Debug for project GreedyFTLd ****

Nothing to build for project GreedyFTLd
15:15:24 **** Auto Build of configuration Debug for project GreedyFTLd ****
make all 
Building file: ../src/nvme/host_lld.c
Invoking: ARM gcc compiler
arm-xilinx-eabi-gcc -Wall -O0 -g3 -c -fmessage-length=0 -MT"src/nvme/host_lld.o" -I../../GreedyFTLd_bsp/ps7_cortexa9_0/include -MMD -MP -MF"src/nvme/host_lld.d" -MT"src/nvme/host_lld.d" -o "src/nvme/host_lld.o" "../src/nvme/host_lld.c"
Finished building: ../src/nvme/host_lld.c
 
Building file: ../src/nvme/nvme_admin_cmd.c
Invoking: ARM gcc compiler
arm-xilinx-eabi-gcc -Wall -O0 -g3 -c -fmessage-length=0 -MT"src/nvme/nvme_admin_cmd.o" -I../../GreedyFTLd_bsp/ps7_cortexa9_0/include -MMD -MP -MF"src/nvme/nvme_admin_cmd.d" -MT"src/nvme/nvme_admin_cmd.d" -o "src/nvme/nvme_admin_cmd.o" "../src/nvme/nvme_admin_cmd.c"
Finished building: ../src/nvme/nvme_admin_cmd.c
 
Building file: ../src/nvme/nvme_identify.c
Invoking: ARM gcc compiler
arm-xilinx-eabi-gcc -Wall -O0 -g3 -c -fmessage-length=0 -MT"src/nvme/nvme_identify.o" -I../../GreedyFTLd_bsp/ps7_cortexa9_0/include -MMD -MP -MF"src/nvme/nvme_identify.d" -MT"src/nvme/nvme_identify.d" -o "src/nvme/nvme_identify.o" "../src/nvme/nvme_identify.c"
Finished building: ../src/nvme/nvme_identify.c
 
Building file: ../src/nvme/nvme_io_cmd.c
Invoking: ARM gcc compiler
arm-xilinx-eabi-gcc -Wall -O0 -g3 -c -fmessage-length=0 -MT"src/nvme/nvme_io_cmd.o" -I../../GreedyFTLd_bsp/ps7_cortexa9_0/include -MMD -MP -MF"src/nvme/nvme_io_cmd.d" -MT"src/nvme/nvme_io_cmd.d" -o "src/nvme/nvme_io_cmd.o" "../src/nvme/nvme_io_cmd.c"
Finished building: ../src/nvme/nvme_io_cmd.c
 
Building file: ../src/nvme/nvme_main.c
Invoking: ARM gcc compiler
arm-xilinx-eabi-gcc -Wall -O0 -g3 -c -fmessage-length=0 -MT"src/nvme/nvme_main.o" -I../../GreedyFTLd_bsp/ps7_cortexa9_0/include -MMD -MP -MF"src/nvme/nvme_main.d" -MT"src/nvme/nvme_main.d" -o "src/nvme/nvme_main.o" "../src/nvme/nvme_main.c"
Finished building: ../src/nvme/nvme_main.c
 
Building file: ../src/fmc_driver.c
Invoking: ARM gcc compiler
arm-xilinx-eabi-gcc -Wall -O0 -g3 -c -fmessage-length=0 -MT"src/fmc_driver.o" -I../../GreedyFTLd_bsp/ps7_cortexa9_0/include -MMD -MP -MF"src/fmc_driver.d" -MT"src/fmc_driver.d" -o "src/fmc_driver.o" "../src/fmc_driver.c"
Finished building: ../src/fmc_driver.c
 
Building file: ../src/init_ftl.c
Invoking: ARM gcc compiler
arm-xilinx-eabi-gcc -Wall -O0 -g3 -c -fmessage-length=0 -MT"src/init_ftl.o" -I../../GreedyFTLd_bsp/ps7_cortexa9_0/include -MMD -MP -MF"src/init_ftl.d" -MT"src/init_ftl.d" -o "src/init_ftl.o" "../src/init_ftl.c"
Finished building: ../src/init_ftl.c
 
Building file: ../src/low_level_scheduler.c
Invoking: ARM gcc compiler
arm-xilinx-eabi-gcc -Wall -O0 -g3 -c -fmessage-length=0 -MT"src/low_level_scheduler.o" -I../../GreedyFTLd_bsp/ps7_cortexa9_0/include -MMD -MP -MF"src/low_level_scheduler.d" -MT"src/low_level_scheduler.d" -o "src/low_level_scheduler.o" "../src/low_level_scheduler.c"
Finished building: ../src/low_level_scheduler.c
 
Building file: ../src/lru_buffer.c
Invoking: ARM gcc compiler
arm-xilinx-eabi-gcc -Wall -O0 -g3 -c -fmessage-length=0 -MT"src/lru_buffer.o" -I../../GreedyFTLd_bsp/ps7_cortexa9_0/include -MMD -MP -MF"src/lru_buffer.d" -MT"src/lru_buffer.d" -o "src/lru_buffer.o" "../src/lru_buffer.c"
Finished building: ../src/lru_buffer.c
 
Building file: ../src/main.c
Invoking: ARM gcc compiler
arm-xilinx-eabi-gcc -Wall -O0 -g3 -c -fmessage-length=0 -MT"src/main.o" -I../../GreedyFTLd_bsp/ps7_cortexa9_0/include -MMD -MP -MF"src/main.d" -MT"src/main.d" -o "src/main.o" "../src/main.c"
Finished building: ../src/main.c
 
Building file: ../src/page_map.c
Invoking: ARM gcc compiler
arm-xilinx-eabi-gcc -Wall -O0 -g3 -c -fmessage-length=0 -MT"src/page_map.o" -I../../GreedyFTLd_bsp/ps7_cortexa9_0/include -MMD -MP -MF"src/page_map.d" -MT"src/page_map.d" -o "src/page_map.o" "../src/page_map.c"
Finished building: ../src/page_map.c
 
Building target: GreedyFTLd.elf
Invoking: ARM gcc linker
arm-xilinx-eabi-gcc -Wl,-T -Wl,../src/lscript.ld -L../../GreedyFTLd_bsp/ps7_cortexa9_0/lib -o "GreedyFTLd.elf"  ./src/nvme/host_lld.o ./src/nvme/nvme_admin_cmd.o ./src/nvme/nvme_identify.o ./src/nvme/nvme_io_cmd.o ./src/nvme/nvme_main.o  ./src/fmc_driver.o ./src/init_ftl.o ./src/low_level_scheduler.o ./src/lru_buffer.o ./src/main.o ./src/page_map.o   -Wl,--start-group,-lxil,-lgcc,-lc,--end-group
Finished building target: GreedyFTLd.elf
 
Invoking: ARM Print Size
arm-xilinx-eabi-size GreedyFTLd.elf  |tee "GreedyFTLd.elf.size"
   text	   data	    bss	    dec	    hex	filename
 141688	   3096	  23020	 167804	  28f7c	GreedyFTLd.elf
Finished building: GreedyFTLd.elf.size
 
15:15:29 **** Incremental Build of configuration Debug for project GreedyFTLd ****
make all 
make: Nothing to be done for 'all'.
15:15:30 **** Incremental Build of configuration Debug for project GreedyFTL ****
make all 
make: Nothing to be done for 'all'.
15:15:37 **** Incremental Build of configuration Debug for project GreedyFTLd ****
make all 
make: Nothing to be done for 'all'.
15:15:38 **** Incremental Build of configuration Debug for project GreedyFTL ****
make all 
make: Nothing to be done for 'all'.
15:16:42 **** Incremental Build of configuration Debug for project GreedyFTLd ****
make all 
make: Nothing to be done for 'all'.
15:16:43 **** Incremental Build of configuration Debug for project GreedyFTL ****
make all 
make: Nothing to be done for 'all'.
15:18:57 **** Auto Build of configuration Debug for project GreedyFTL ****
make all 
Building file: ../src/low_level_scheduler.c
Invoking: ARM gcc compiler
arm-xilinx-eabi-gcc -Wall -O0 -g3 -c -fmessage-length=0 -MT"src/low_level_scheduler.o" -I../../GreedyFTL_bsp/ps7_cortexa9_0/include -MMD -MP -MF"src/low_level_scheduler.d" -MT"src/low_level_scheduler.d" -o "src/low_level_scheduler.o" "../src/low_level_scheduler.c"
Finished building: ../src/low_level_scheduler.c
 
Building target: GreedyFTL.elf
Invoking: ARM gcc linker
arm-xilinx-eabi-gcc -Wl,-T -Wl,../src/lscript.ld -L../../GreedyFTL_bsp/ps7_cortexa9_0/lib -o "GreedyFTL.elf"  ./src/nvme/host_lld.o ./src/nvme/nvme_admin_cmd.o ./src/nvme/nvme_identify.o ./src/nvme/nvme_io_cmd.o ./src/nvme/nvme_main.o  ./src/fmc_driver.o ./src/init_ftl.o ./src/low_level_scheduler.o ./src/lru_buffer.o ./src/main.o ./src/page_map.o   -Wl,--start-group,-lxil,-lgcc,-lc,--end-group
Finished building target: GreedyFTL.elf
 
Invoking: ARM Print Size
arm-xilinx-eabi-size GreedyFTL.elf  |tee "GreedyFTL.elf.size"
   text	   data	    bss	    dec	    hex	filename
 141712	   3096	  23020	 167828	  28f94	GreedyFTL.elf
Finished building: GreedyFTL.elf.size
 
15:19:00 **** Auto Build of configuration Debug for project GreedyFTL ****
make all 
Building file: ../src/low_level_scheduler.c
Invoking: ARM gcc compiler
arm-xilinx-eabi-gcc -Wall -O0 -g3 -c -fmessage-length=0 -MT"src/low_level_scheduler.o" -I../../GreedyFTL_bsp/ps7_cortexa9_0/include -MMD -MP -MF"src/low_level_scheduler.d" -MT"src/low_level_scheduler.d" -o "src/low_level_scheduler.o" "../src/low_level_scheduler.c"
Finished building: ../src/low_level_scheduler.c
 
Building target: GreedyFTL.elf
Invoking: ARM gcc linker
arm-xilinx-eabi-gcc -Wl,-T -Wl,../src/lscript.ld -L../../GreedyFTL_bsp/ps7_cortexa9_0/lib -o "GreedyFTL.elf"  ./src/nvme/host_lld.o ./src/nvme/nvme_admin_cmd.o ./src/nvme/nvme_identify.o ./src/nvme/nvme_io_cmd.o ./src/nvme/nvme_main.o  ./src/fmc_driver.o ./src/init_ftl.o ./src/low_level_scheduler.o ./src/lru_buffer.o ./src/main.o ./src/page_map.o   -Wl,--start-group,-lxil,-lgcc,-lc,--end-group
Finished building target: GreedyFTL.elf
 
Invoking: ARM Print Size
arm-xilinx-eabi-size GreedyFTL.elf  |tee "GreedyFTL.elf.size"
   text	   data	    bss	    dec	    hex	filename
 141716	   3096	  23020	 167832	  28f98	GreedyFTL.elf
Finished building: GreedyFTL.elf.size
 
15:20:19 **** Auto Build of configuration Debug for project GreedyFTL ****
make all 
Building file: ../src/low_level_scheduler.c
Invoking: ARM gcc compiler
arm-xilinx-eabi-gcc -Wall -O0 -g3 -c -fmessage-length=0 -MT"src/low_level_scheduler.o" -I../../GreedyFTL_bsp/ps7_cortexa9_0/include -MMD -MP -MF"src/low_level_scheduler.d" -MT"src/low_level_scheduler.d" -o "src/low_level_scheduler.o" "../src/low_level_scheduler.c"
Finished building: ../src/low_level_scheduler.c
 
Building target: GreedyFTL.elf
Invoking: ARM gcc linker
arm-xilinx-eabi-gcc -Wl,-T -Wl,../src/lscript.ld -L../../GreedyFTL_bsp/ps7_cortexa9_0/lib -o "GreedyFTL.elf"  ./src/nvme/host_lld.o ./src/nvme/nvme_admin_cmd.o ./src/nvme/nvme_identify.o ./src/nvme/nvme_io_cmd.o ./src/nvme/nvme_main.o  ./src/fmc_driver.o ./src/init_ftl.o ./src/low_level_scheduler.o ./src/lru_buffer.o ./src/main.o ./src/page_map.o   -Wl,--start-group,-lxil,-lgcc,-lc,--end-group
Finished building target: GreedyFTL.elf
 
Invoking: ARM Print Size
arm-xilinx-eabi-size GreedyFTL.elf  |tee "GreedyFTL.elf.size"
   text	   data	    bss	    dec	    hex	filename
 141804	   3096	  23020	 167920	  28ff0	GreedyFTL.elf
Finished building: GreedyFTL.elf.size
 
15:21:33 **** Incremental Build of configuration Debug for project GreedyFTLd ****
make all 
make: Nothing to be done for 'all'.
15:21:35 **** Incremental Build of configuration Debug for project GreedyFTL ****
make all 
make: Nothing to be done for 'all'.
15:23:47 **** Auto Build of configuration Debug for project GreedyFTLd ****
make all 
Building file: ../src/nvme/nvme_main.c
Invoking: ARM gcc compiler
arm-xilinx-eabi-gcc -Wall -O0 -g3 -c -fmessage-length=0 -MT"src/nvme/nvme_main.o" -I../../GreedyFTLd_bsp/ps7_cortexa9_0/include -MMD -MP -MF"src/nvme/nvme_main.d" -MT"src/nvme/nvme_main.d" -o "src/nvme/nvme_main.o" "../src/nvme/nvme_main.c"
Finished building: ../src/nvme/nvme_main.c
 
Building target: GreedyFTLd.elf
Invoking: ARM gcc linker
arm-xilinx-eabi-gcc -Wl,-T -Wl,../src/lscript.ld -L../../GreedyFTLd_bsp/ps7_cortexa9_0/lib -o "GreedyFTLd.elf"  ./src/nvme/host_lld.o ./src/nvme/nvme_admin_cmd.o ./src/nvme/nvme_identify.o ./src/nvme/nvme_io_cmd.o ./src/nvme/nvme_main.o  ./src/fmc_driver.o ./src/init_ftl.o ./src/low_level_scheduler.o ./src/lru_buffer.o ./src/main.o ./src/page_map.o   -Wl,--start-group,-lxil,-lgcc,-lc,--end-group
Finished building target: GreedyFTLd.elf
 
Invoking: ARM Print Size
arm-xilinx-eabi-size GreedyFTLd.elf  |tee "GreedyFTLd.elf.size"
   text	   data	    bss	    dec	    hex	filename
 141996	   3096	  23020	 168112	  290b0	GreedyFTLd.elf
Finished building: GreedyFTLd.elf.size
 
15:23:49 **** Incremental Build of configuration Debug for project GreedyFTLd ****
make all 
make: Nothing to be done for 'all'.
15:23:50 **** Incremental Build of configuration Debug for project GreedyFTL ****
make all 
make: Nothing to be done for 'all'.
15:23:57 **** Incremental Build of configuration Debug for project GreedyFTLd ****
make all 
make: Nothing to be done for 'all'.
15:23:58 **** Incremental Build of configuration Debug for project GreedyFTL ****
make all 
make: Nothing to be done for 'all'.
15:24:39 **** Auto Build of configuration Debug for project GreedyFTL ****
make all 
Building file: ../src/init_ftl.c
Invoking: ARM gcc compiler
arm-xilinx-eabi-gcc -Wall -O0 -g3 -c -fmessage-length=0 -MT"src/init_ftl.o" -I../../GreedyFTL_bsp/ps7_cortexa9_0/include -MMD -MP -MF"src/init_ftl.d" -MT"src/init_ftl.d" -o "src/init_ftl.o" "../src/init_ftl.c"
Finished building: ../src/init_ftl.c
 
Building target: GreedyFTL.elf
Invoking: ARM gcc linker
arm-xilinx-eabi-gcc -Wl,-T -Wl,../src/lscript.ld -L../../GreedyFTL_bsp/ps7_cortexa9_0/lib -o "GreedyFTL.elf"  ./src/nvme/host_lld.o ./src/nvme/nvme_admin_cmd.o ./src/nvme/nvme_identify.o ./src/nvme/nvme_io_cmd.o ./src/nvme/nvme_main.o  ./src/fmc_driver.o ./src/init_ftl.o ./src/low_level_scheduler.o ./src/lru_buffer.o ./src/main.o ./src/page_map.o   -Wl,--start-group,-lxil,-lgcc,-lc,--end-group
Finished building target: GreedyFTL.elf
 
Invoking: ARM Print Size
arm-xilinx-eabi-size GreedyFTL.elf  |tee "GreedyFTL.elf.size"
   text	   data	    bss	    dec	    hex	filename
 141836	   3096	  23020	 167952	  29010	GreedyFTL.elf
Finished building: GreedyFTL.elf.size
 
15:24:53 **** Auto Build of configuration Debug for project GreedyFTL ****
make all 
Building file: ../src/init_ftl.c
Invoking: ARM gcc compiler
arm-xilinx-eabi-gcc -Wall -O0 -g3 -c -fmessage-length=0 -MT"src/init_ftl.o" -I../../GreedyFTL_bsp/ps7_cortexa9_0/include -MMD -MP -MF"src/init_ftl.d" -MT"src/init_ftl.d" -o "src/init_ftl.o" "../src/init_ftl.c"
Finished building: ../src/init_ftl.c
 
Building target: GreedyFTL.elf
Invoking: ARM gcc linker
arm-xilinx-eabi-gcc -Wl,-T -Wl,../src/lscript.ld -L../../GreedyFTL_bsp/ps7_cortexa9_0/lib -o "GreedyFTL.elf"  ./src/nvme/host_lld.o ./src/nvme/nvme_admin_cmd.o ./src/nvme/nvme_identify.o ./src/nvme/nvme_io_cmd.o ./src/nvme/nvme_main.o  ./src/fmc_driver.o ./src/init_ftl.o ./src/low_level_scheduler.o ./src/lru_buffer.o ./src/main.o ./src/page_map.o   -Wl,--start-group,-lxil,-lgcc,-lc,--end-group
Finished building target: GreedyFTL.elf
 
Invoking: ARM Print Size
arm-xilinx-eabi-size GreedyFTL.elf  |tee "GreedyFTL.elf.size"
   text	   data	    bss	    dec	    hex	filename
 141860	   3096	  23020	 167976	  29028	GreedyFTL.elf
Finished building: GreedyFTL.elf.size
 
15:24:57 **** Incremental Build of configuration Debug for project GreedyFTLd ****
make all 
make: Nothing to be done for 'all'.
15:24:58 **** Incremental Build of configuration Debug for project GreedyFTL ****
make all 
make: Nothing to be done for 'all'.
15:25:18 **** Incremental Build of configuration Debug for project GreedyFTLd ****
make all 
make: Nothing to be done for 'all'.
15:25:19 **** Incremental Build of configuration Debug for project GreedyFTL ****
make all 
make: Nothing to be done for 'all'.
15:25:38 **** Incremental Build of configuration Debug for project GreedyFTLd ****
make all 
make: Nothing to be done for 'all'.
15:25:39 **** Incremental Build of configuration Debug for project GreedyFTL ****
make all 
make: Nothing to be done for 'all'.
15:25:41 **** Incremental Build of configuration Debug for project GreedyFTLd ****
make all 
make: Nothing to be done for 'all'.
15:25:43 **** Incremental Build of configuration Debug for project GreedyFTL ****
make all 
make: Nothing to be done for 'all'.
15:26:28 **** Auto Build of configuration Debug for project GreedyFTLd ****
make all 
Building file: ../src/nvme/nvme_main.c
Invoking: ARM gcc compiler
arm-xilinx-eabi-gcc -Wall -O0 -g3 -c -fmessage-length=0 -MT"src/nvme/nvme_main.o" -I../../GreedyFTLd_bsp/ps7_cortexa9_0/include -MMD -MP -MF"src/nvme/nvme_main.d" -MT"src/nvme/nvme_main.d" -o "src/nvme/nvme_main.o" "../src/nvme/nvme_main.c"
Finished building: ../src/nvme/nvme_main.c
 
Building target: GreedyFTLd.elf
Invoking: ARM gcc linker
arm-xilinx-eabi-gcc -Wl,-T -Wl,../src/lscript.ld -L../../GreedyFTLd_bsp/ps7_cortexa9_0/lib -o "GreedyFTLd.elf"  ./src/nvme/host_lld.o ./src/nvme/nvme_admin_cmd.o ./src/nvme/nvme_identify.o ./src/nvme/nvme_io_cmd.o ./src/nvme/nvme_main.o  ./src/fmc_driver.o ./src/init_ftl.o ./src/low_level_scheduler.o ./src/lru_buffer.o ./src/main.o ./src/page_map.o   -Wl,--start-group,-lxil,-lgcc,-lc,--end-group
Finished building target: GreedyFTLd.elf
 
Invoking: ARM Print Size
arm-xilinx-eabi-size GreedyFTLd.elf  |tee "GreedyFTLd.elf.size"
   text	   data	    bss	    dec	    hex	filename
 141996	   3096	  23020	 168112	  290b0	GreedyFTLd.elf
Finished building: GreedyFTLd.elf.size
 
15:26:41 **** Incremental Build of configuration Debug for project GreedyFTLd ****
make all 
make: Nothing to be done for 'all'.
15:26:42 **** Incremental Build of configuration Debug for project GreedyFTL ****
make all 
make: Nothing to be done for 'all'.
15:26:45 **** Incremental Build of configuration Debug for project GreedyFTLd ****
make all 
make: Nothing to be done for 'all'.
15:26:46 **** Incremental Build of configuration Debug for project GreedyFTL ****
make all 
make: Nothing to be done for 'all'.
15:46:08 **** Auto Build of configuration Debug for project GreedyFTLd ****
make all 
Building file: ../src/init_ftl.c
Invoking: ARM gcc compiler
arm-xilinx-eabi-gcc -Wall -O0 -g3 -c -fmessage-length=0 -MT"src/init_ftl.o" -I../../GreedyFTLd_bsp/ps7_cortexa9_0/include -MMD -MP -MF"src/init_ftl.d" -MT"src/init_ftl.d" -o "src/init_ftl.o" "../src/init_ftl.c"
Finished building: ../src/init_ftl.c
 
Building target: GreedyFTLd.elf
Invoking: ARM gcc linker
arm-xilinx-eabi-gcc -Wl,-T -Wl,../src/lscript.ld -L../../GreedyFTLd_bsp/ps7_cortexa9_0/lib -o "GreedyFTLd.elf"  ./src/nvme/host_lld.o ./src/nvme/nvme_admin_cmd.o ./src/nvme/nvme_identify.o ./src/nvme/nvme_io_cmd.o ./src/nvme/nvme_main.o  ./src/fmc_driver.o ./src/init_ftl.o ./src/low_level_scheduler.o ./src/lru_buffer.o ./src/main.o ./src/page_map.o   -Wl,--start-group,-lxil,-lgcc,-lc,--end-group
Finished building target: GreedyFTLd.elf
 
Invoking: ARM Print Size
arm-xilinx-eabi-size GreedyFTLd.elf  |tee "GreedyFTLd.elf.size"
   text	   data	    bss	    dec	    hex	filename
 142124	   3096	  23020	 168240	  29130	GreedyFTLd.elf
Finished building: GreedyFTLd.elf.size
 
15:46:25 **** Incremental Build of configuration Debug for project GreedyFTLd ****
make all 
make: Nothing to be done for 'all'.
15:47:11 **** Auto Build of configuration Debug for project GreedyFTLd ****
make all 
Building file: ../src/low_level_scheduler.c
Invoking: ARM gcc compiler
arm-xilinx-eabi-gcc -Wall -O0 -g3 -c -fmessage-length=0 -MT"src/low_level_scheduler.o" -I../../GreedyFTLd_bsp/ps7_cortexa9_0/include -MMD -MP -MF"src/low_level_scheduler.d" -MT"src/low_level_scheduler.d" -o "src/low_level_scheduler.o" "../src/low_level_scheduler.c"
Finished building: ../src/low_level_scheduler.c
 
Building target: GreedyFTLd.elf
Invoking: ARM gcc linker
arm-xilinx-eabi-gcc -Wl,-T -Wl,../src/lscript.ld -L../../GreedyFTLd_bsp/ps7_cortexa9_0/lib -o "GreedyFTLd.elf"  ./src/nvme/host_lld.o ./src/nvme/nvme_admin_cmd.o ./src/nvme/nvme_identify.o ./src/nvme/nvme_io_cmd.o ./src/nvme/nvme_main.o  ./src/fmc_driver.o ./src/init_ftl.o ./src/low_level_scheduler.o ./src/lru_buffer.o ./src/main.o ./src/page_map.o   -Wl,--start-group,-lxil,-lgcc,-lc,--end-group
Finished building target: GreedyFTLd.elf
 
Invoking: ARM Print Size
arm-xilinx-eabi-size GreedyFTLd.elf  |tee "GreedyFTLd.elf.size"
   text	   data	    bss	    dec	    hex	filename
 142144	   3096	  23020	 168260	  29144	GreedyFTLd.elf
Finished building: GreedyFTLd.elf.size
 
15:47:30 **** Auto Build of configuration Debug for project GreedyFTLd ****
make all 
Building file: ../src/low_level_scheduler.c
Invoking: ARM gcc compiler
arm-xilinx-eabi-gcc -Wall -O0 -g3 -c -fmessage-length=0 -MT"src/low_level_scheduler.o" -I../../GreedyFTLd_bsp/ps7_cortexa9_0/include -MMD -MP -MF"src/low_level_scheduler.d" -MT"src/low_level_scheduler.d" -o "src/low_level_scheduler.o" "../src/low_level_scheduler.c"
Finished building: ../src/low_level_scheduler.c
 
Building target: GreedyFTLd.elf
Invoking: ARM gcc linker
arm-xilinx-eabi-gcc -Wl,-T -Wl,../src/lscript.ld -L../../GreedyFTLd_bsp/ps7_cortexa9_0/lib -o "GreedyFTLd.elf"  ./src/nvme/host_lld.o ./src/nvme/nvme_admin_cmd.o ./src/nvme/nvme_identify.o ./src/nvme/nvme_io_cmd.o ./src/nvme/nvme_main.o  ./src/fmc_driver.o ./src/init_ftl.o ./src/low_level_scheduler.o ./src/lru_buffer.o ./src/main.o ./src/page_map.o   -Wl,--start-group,-lxil,-lgcc,-lc,--end-group
Finished building target: GreedyFTLd.elf
 
Invoking: ARM Print Size
arm-xilinx-eabi-size GreedyFTLd.elf  |tee "GreedyFTLd.elf.size"
   text	   data	    bss	    dec	    hex	filename
 142144	   3096	  23020	 168260	  29144	GreedyFTLd.elf
Finished building: GreedyFTLd.elf.size
 
15:47:35 **** Auto Build of configuration Debug for project GreedyFTLd ****
make all 
Building file: ../src/low_level_scheduler.c
Invoking: ARM gcc compiler
arm-xilinx-eabi-gcc -Wall -O0 -g3 -c -fmessage-length=0 -MT"src/low_level_scheduler.o" -I../../GreedyFTLd_bsp/ps7_cortexa9_0/include -MMD -MP -MF"src/low_level_scheduler.d" -MT"src/low_level_scheduler.d" -o "src/low_level_scheduler.o" "../src/low_level_scheduler.c"
Finished building: ../src/low_level_scheduler.c
 
Building target: GreedyFTLd.elf
Invoking: ARM gcc linker
arm-xilinx-eabi-gcc -Wl,-T -Wl,../src/lscript.ld -L../../GreedyFTLd_bsp/ps7_cortexa9_0/lib -o "GreedyFTLd.elf"  ./src/nvme/host_lld.o ./src/nvme/nvme_admin_cmd.o ./src/nvme/nvme_identify.o ./src/nvme/nvme_io_cmd.o ./src/nvme/nvme_main.o  ./src/fmc_driver.o ./src/init_ftl.o ./src/low_level_scheduler.o ./src/lru_buffer.o ./src/main.o ./src/page_map.o   -Wl,--start-group,-lxil,-lgcc,-lc,--end-group
Finished building target: GreedyFTLd.elf
 
Invoking: ARM Print Size
arm-xilinx-eabi-size GreedyFTLd.elf  |tee "GreedyFTLd.elf.size"
   text	   data	    bss	    dec	    hex	filename
 142144	   3096	  23020	 168260	  29144	GreedyFTLd.elf
Finished building: GreedyFTLd.elf.size
 
15:48:29 **** Auto Build of configuration Debug for project GreedyFTLd ****
make all 
Building file: ../src/low_level_scheduler.c
Invoking: ARM gcc compiler
arm-xilinx-eabi-gcc -Wall -O0 -g3 -c -fmessage-length=0 -MT"src/low_level_scheduler.o" -I../../GreedyFTLd_bsp/ps7_cortexa9_0/include -MMD -MP -MF"src/low_level_scheduler.d" -MT"src/low_level_scheduler.d" -o "src/low_level_scheduler.o" "../src/low_level_scheduler.c"
Finished building: ../src/low_level_scheduler.c
 
Building target: GreedyFTLd.elf
Invoking: ARM gcc linker
arm-xilinx-eabi-gcc -Wl,-T -Wl,../src/lscript.ld -L../../GreedyFTLd_bsp/ps7_cortexa9_0/lib -o "GreedyFTLd.elf"  ./src/nvme/host_lld.o ./src/nvme/nvme_admin_cmd.o ./src/nvme/nvme_identify.o ./src/nvme/nvme_io_cmd.o ./src/nvme/nvme_main.o  ./src/fmc_driver.o ./src/init_ftl.o ./src/low_level_scheduler.o ./src/lru_buffer.o ./src/main.o ./src/page_map.o   -Wl,--start-group,-lxil,-lgcc,-lc,--end-group
Finished building target: GreedyFTLd.elf
 
Invoking: ARM Print Size
arm-xilinx-eabi-size GreedyFTLd.elf  |tee "GreedyFTLd.elf.size"
   text	   data	    bss	    dec	    hex	filename
 142168	   3096	  23020	 168284	  2915c	GreedyFTLd.elf
Finished building: GreedyFTLd.elf.size
 
15:48:37 **** Auto Build of configuration Debug for project GreedyFTLd ****
make all 
Building file: ../src/low_level_scheduler.c
Invoking: ARM gcc compiler
arm-xilinx-eabi-gcc -Wall -O0 -g3 -c -fmessage-length=0 -MT"src/low_level_scheduler.o" -I../../GreedyFTLd_bsp/ps7_cortexa9_0/include -MMD -MP -MF"src/low_level_scheduler.d" -MT"src/low_level_scheduler.d" -o "src/low_level_scheduler.o" "../src/low_level_scheduler.c"
Finished building: ../src/low_level_scheduler.c
 
Building target: GreedyFTLd.elf
Invoking: ARM gcc linker
arm-xilinx-eabi-gcc -Wl,-T -Wl,../src/lscript.ld -L../../GreedyFTLd_bsp/ps7_cortexa9_0/lib -o "GreedyFTLd.elf"  ./src/nvme/host_lld.o ./src/nvme/nvme_admin_cmd.o ./src/nvme/nvme_identify.o ./src/nvme/nvme_io_cmd.o ./src/nvme/nvme_main.o  ./src/fmc_driver.o ./src/init_ftl.o ./src/low_level_scheduler.o ./src/lru_buffer.o ./src/main.o ./src/page_map.o   -Wl,--start-group,-lxil,-lgcc,-lc,--end-group
Finished building target: GreedyFTLd.elf
 
Invoking: ARM Print Size
arm-xilinx-eabi-size GreedyFTLd.elf  |tee "GreedyFTLd.elf.size"
   text	   data	    bss	    dec	    hex	filename
 142168	   3096	  23020	 168284	  2915c	GreedyFTLd.elf
Finished building: GreedyFTLd.elf.size
 
15:48:55 **** Auto Build of configuration Debug for project GreedyFTLd ****
make all 
Building file: ../src/low_level_scheduler.c
Invoking: ARM gcc compiler
arm-xilinx-eabi-gcc -Wall -O0 -g3 -c -fmessage-length=0 -MT"src/low_level_scheduler.o" -I../../GreedyFTLd_bsp/ps7_cortexa9_0/include -MMD -MP -MF"src/low_level_scheduler.d" -MT"src/low_level_scheduler.d" -o "src/low_level_scheduler.o" "../src/low_level_scheduler.c"
Finished building: ../src/low_level_scheduler.c
 
Building target: GreedyFTLd.elf
Invoking: ARM gcc linker
arm-xilinx-eabi-gcc -Wl,-T -Wl,../src/lscript.ld -L../../GreedyFTLd_bsp/ps7_cortexa9_0/lib -o "GreedyFTLd.elf"  ./src/nvme/host_lld.o ./src/nvme/nvme_admin_cmd.o ./src/nvme/nvme_identify.o ./src/nvme/nvme_io_cmd.o ./src/nvme/nvme_main.o  ./src/fmc_driver.o ./src/init_ftl.o ./src/low_level_scheduler.o ./src/lru_buffer.o ./src/main.o ./src/page_map.o   -Wl,--start-group,-lxil,-lgcc,-lc,--end-group
Finished building target: GreedyFTLd.elf
 
Invoking: ARM Print Size
arm-xilinx-eabi-size GreedyFTLd.elf  |tee "GreedyFTLd.elf.size"
   text	   data	    bss	    dec	    hex	filename
 142196	   3096	  23020	 168312	  29178	GreedyFTLd.elf
Finished building: GreedyFTLd.elf.size
 
15:48:56 **** Incremental Build of configuration Debug for project GreedyFTLd ****
make all 
make: Nothing to be done for 'all'.
15:48:58 **** Incremental Build of configuration Debug for project GreedyFTLd ****
make all 
make: Nothing to be done for 'all'.
15:49:35 **** Auto Build of configuration Debug for project GreedyFTLd ****
make all 
Building file: ../src/low_level_scheduler.c
Invoking: ARM gcc compiler
arm-xilinx-eabi-gcc -Wall -O0 -g3 -c -fmessage-length=0 -MT"src/low_level_scheduler.o" -I../../GreedyFTLd_bsp/ps7_cortexa9_0/include -MMD -MP -MF"src/low_level_scheduler.d" -MT"src/low_level_scheduler.d" -o "src/low_level_scheduler.o" "../src/low_level_scheduler.c"
Finished building: ../src/low_level_scheduler.c
 
Building target: GreedyFTLd.elf
Invoking: ARM gcc linker
arm-xilinx-eabi-gcc -Wl,-T -Wl,../src/lscript.ld -L../../GreedyFTLd_bsp/ps7_cortexa9_0/lib -o "GreedyFTLd.elf"  ./src/nvme/host_lld.o ./src/nvme/nvme_admin_cmd.o ./src/nvme/nvme_identify.o ./src/nvme/nvme_io_cmd.o ./src/nvme/nvme_main.o  ./src/fmc_driver.o ./src/init_ftl.o ./src/low_level_scheduler.o ./src/lru_buffer.o ./src/main.o ./src/page_map.o   -Wl,--start-group,-lxil,-lgcc,-lc,--end-group
Finished building target: GreedyFTLd.elf
 
Invoking: ARM Print Size
arm-xilinx-eabi-size GreedyFTLd.elf  |tee "GreedyFTLd.elf.size"
   text	   data	    bss	    dec	    hex	filename
 142224	   3096	  23020	 168340	  29194	GreedyFTLd.elf
Finished building: GreedyFTLd.elf.size
 
15:49:35 **** Incremental Build of configuration Debug for project GreedyFTLd ****
make all 
make: Nothing to be done for 'all'.
15:50:18 **** Auto Build of configuration Debug for project GreedyFTLd ****
make all 
Building file: ../src/low_level_scheduler.c
Invoking: ARM gcc compiler
arm-xilinx-eabi-gcc -Wall -O0 -g3 -c -fmessage-length=0 -MT"src/low_level_scheduler.o" -I../../GreedyFTLd_bsp/ps7_cortexa9_0/include -MMD -MP -MF"src/low_level_scheduler.d" -MT"src/low_level_scheduler.d" -o "src/low_level_scheduler.o" "../src/low_level_scheduler.c"
../src/low_level_scheduler.c: In function 'EmptyLowLevelQ':
../src/low_level_scheduler.c:1580:6: error: 'reservedQueue' undeclared (first use in this function)
   if(reservedQueue != 0) {
      ^
../src/low_level_scheduler.c:1580:6: note: each undeclared identifier is reported only once for each function it appears in
src/subdir.mk:36: recipe for target 'src/low_level_scheduler.o' failed
make: *** [src/low_level_scheduler.o] Error 1
15:50:19 **** Incremental Build of configuration Debug for project GreedyFTLd ****
make all 
Building file: ../src/low_level_scheduler.c
Invoking: ARM gcc compiler
arm-xilinx-eabi-gcc -Wall -O0 -g3 -c -fmessage-length=0 -MT"src/low_level_scheduler.o" -I../../GreedyFTLd_bsp/ps7_cortexa9_0/include -MMD -MP -MF"src/low_level_scheduler.d" -MT"src/low_level_scheduler.d" -o "src/low_level_scheduler.o" "../src/low_level_scheduler.c"
../src/low_level_scheduler.c: In function 'EmptyLowLevelQ':
../src/low_level_scheduler.c:1580:6: error: 'reservedQueue' undeclared (first use in this function)
   if(reservedQueue != 0) {
      ^
../src/low_level_scheduler.c:1580:6: note: each undeclared identifier is reported only once for each function it appears in
make: *** [src/low_level_scheduler.o] Error 1
src/subdir.mk:36: recipe for target 'src/low_level_scheduler.o' failed
15:50:27 **** Auto Build of configuration Debug for project GreedyFTLd ****
make all 
Building file: ../src/low_level_scheduler.c
Invoking: ARM gcc compiler
arm-xilinx-eabi-gcc -Wall -O0 -g3 -c -fmessage-length=0 -MT"src/low_level_scheduler.o" -I../../GreedyFTLd_bsp/ps7_cortexa9_0/include -MMD -MP -MF"src/low_level_scheduler.d" -MT"src/low_level_scheduler.d" -o "src/low_level_scheduler.o" "../src/low_level_scheduler.c"
Finished building: ../src/low_level_scheduler.c
 
Building target: GreedyFTLd.elf
Invoking: ARM gcc linker
arm-xilinx-eabi-gcc -Wl,-T -Wl,../src/lscript.ld -L../../GreedyFTLd_bsp/ps7_cortexa9_0/lib -o "GreedyFTLd.elf"  ./src/nvme/host_lld.o ./src/nvme/nvme_admin_cmd.o ./src/nvme/nvme_identify.o ./src/nvme/nvme_io_cmd.o ./src/nvme/nvme_main.o  ./src/fmc_driver.o ./src/init_ftl.o ./src/low_level_scheduler.o ./src/lru_buffer.o ./src/main.o ./src/page_map.o   -Wl,--start-group,-lxil,-lgcc,-lc,--end-group
Finished building target: GreedyFTLd.elf
 
Invoking: ARM Print Size
arm-xilinx-eabi-size GreedyFTLd.elf  |tee "GreedyFTLd.elf.size"
   text	   data	    bss	    dec	    hex	filename
 142300	   3096	  23020	 168416	  291e0	GreedyFTLd.elf
Finished building: GreedyFTLd.elf.size
 
15:50:29 **** Incremental Build of configuration Debug for project GreedyFTLd ****
make all 
make: Nothing to be done for 'all'.
15:50:31 **** Incremental Build of configuration Debug for project GreedyFTLd ****
make all 
make: Nothing to be done for 'all'.
15:50:47 **** Auto Build of configuration Debug for project GreedyFTLd ****
make all 
Building file: ../src/low_level_scheduler.c
Invoking: ARM gcc compiler
arm-xilinx-eabi-gcc -Wall -O0 -g3 -c -fmessage-length=0 -MT"src/low_level_scheduler.o" -I../../GreedyFTLd_bsp/ps7_cortexa9_0/include -MMD -MP -MF"src/low_level_scheduler.d" -MT"src/low_level_scheduler.d" -o "src/low_level_scheduler.o" "../src/low_level_scheduler.c"
Finished building: ../src/low_level_scheduler.c
 
Building target: GreedyFTLd.elf
Invoking: ARM gcc linker
arm-xilinx-eabi-gcc -Wl,-T -Wl,../src/lscript.ld -L../../GreedyFTLd_bsp/ps7_cortexa9_0/lib -o "GreedyFTLd.elf"  ./src/nvme/host_lld.o ./src/nvme/nvme_admin_cmd.o ./src/nvme/nvme_identify.o ./src/nvme/nvme_io_cmd.o ./src/nvme/nvme_main.o  ./src/fmc_driver.o ./src/init_ftl.o ./src/low_level_scheduler.o ./src/lru_buffer.o ./src/main.o ./src/page_map.o   -Wl,--start-group,-lxil,-lgcc,-lc,--end-group
Finished building target: GreedyFTLd.elf
 
Invoking: ARM Print Size
arm-xilinx-eabi-size GreedyFTLd.elf  |tee "GreedyFTLd.elf.size"
   text	   data	    bss	    dec	    hex	filename
 142304	   3096	  23020	 168420	  291e4	GreedyFTLd.elf
Finished building: GreedyFTLd.elf.size
 
15:50:48 **** Incremental Build of configuration Debug for project GreedyFTLd ****
make all 
make: Nothing to be done for 'all'.
15:51:01 **** Auto Build of configuration Debug for project GreedyFTLd ****
make all 
Building file: ../src/low_level_scheduler.c
Invoking: ARM gcc compiler
arm-xilinx-eabi-gcc -Wall -O0 -g3 -c -fmessage-length=0 -MT"src/low_level_scheduler.o" -I../../GreedyFTLd_bsp/ps7_cortexa9_0/include -MMD -MP -MF"src/low_level_scheduler.d" -MT"src/low_level_scheduler.d" -o "src/low_level_scheduler.o" "../src/low_level_scheduler.c"
Finished building: ../src/low_level_scheduler.c
 
Building target: GreedyFTLd.elf
Invoking: ARM gcc linker
arm-xilinx-eabi-gcc -Wl,-T -Wl,../src/lscript.ld -L../../GreedyFTLd_bsp/ps7_cortexa9_0/lib -o "GreedyFTLd.elf"  ./src/nvme/host_lld.o ./src/nvme/nvme_admin_cmd.o ./src/nvme/nvme_identify.o ./src/nvme/nvme_io_cmd.o ./src/nvme/nvme_main.o  ./src/fmc_driver.o ./src/init_ftl.o ./src/low_level_scheduler.o ./src/lru_buffer.o ./src/main.o ./src/page_map.o   -Wl,--start-group,-lxil,-lgcc,-lc,--end-group
Finished building target: GreedyFTLd.elf
 
Invoking: ARM Print Size
arm-xilinx-eabi-size GreedyFTLd.elf  |tee "GreedyFTLd.elf.size"
   text	   data	    bss	    dec	    hex	filename
 142224	   3096	  23020	 168340	  29194	GreedyFTLd.elf
Finished building: GreedyFTLd.elf.size
 
15:51:03 **** Incremental Build of configuration Debug for project GreedyFTLd ****
make all 
make: Nothing to be done for 'all'.
15:51:49 **** Auto Build of configuration Debug for project GreedyFTLd ****
make all 
Building file: ../src/low_level_scheduler.c
Invoking: ARM gcc compiler
arm-xilinx-eabi-gcc -Wall -O0 -g3 -c -fmessage-length=0 -MT"src/low_level_scheduler.o" -I../../GreedyFTLd_bsp/ps7_cortexa9_0/include -MMD -MP -MF"src/low_level_scheduler.d" -MT"src/low_level_scheduler.d" -o "src/low_level_scheduler.o" "../src/low_level_scheduler.c"
Finished building: ../src/low_level_scheduler.c
 
Building target: GreedyFTLd.elf
Invoking: ARM gcc linker
arm-xilinx-eabi-gcc -Wl,-T -Wl,../src/lscript.ld -L../../GreedyFTLd_bsp/ps7_cortexa9_0/lib -o "GreedyFTLd.elf"  ./src/nvme/host_lld.o ./src/nvme/nvme_admin_cmd.o ./src/nvme/nvme_identify.o ./src/nvme/nvme_io_cmd.o ./src/nvme/nvme_main.o  ./src/fmc_driver.o ./src/init_ftl.o ./src/low_level_scheduler.o ./src/lru_buffer.o ./src/main.o ./src/page_map.o   -Wl,--start-group,-lxil,-lgcc,-lc,--end-group
Finished building target: GreedyFTLd.elf
 
Invoking: ARM Print Size
arm-xilinx-eabi-size GreedyFTLd.elf  |tee "GreedyFTLd.elf.size"
   text	   data	    bss	    dec	    hex	filename
 142224	   3096	  23020	 168340	  29194	GreedyFTLd.elf
Finished building: GreedyFTLd.elf.size
 
15:52:03 **** Auto Build of configuration Debug for project GreedyFTLd ****
make all 
Building file: ../src/low_level_scheduler.c
Invoking: ARM gcc compiler
arm-xilinx-eabi-gcc -Wall -O0 -g3 -c -fmessage-length=0 -MT"src/low_level_scheduler.o" -I../../GreedyFTLd_bsp/ps7_cortexa9_0/include -MMD -MP -MF"src/low_level_scheduler.d" -MT"src/low_level_scheduler.d" -o "src/low_level_scheduler.o" "../src/low_level_scheduler.c"
Finished building: ../src/low_level_scheduler.c
 
Building target: GreedyFTLd.elf
Invoking: ARM gcc linker
arm-xilinx-eabi-gcc -Wl,-T -Wl,../src/lscript.ld -L../../GreedyFTLd_bsp/ps7_cortexa9_0/lib -o "GreedyFTLd.elf"  ./src/nvme/host_lld.o ./src/nvme/nvme_admin_cmd.o ./src/nvme/nvme_identify.o ./src/nvme/nvme_io_cmd.o ./src/nvme/nvme_main.o  ./src/fmc_driver.o ./src/init_ftl.o ./src/low_level_scheduler.o ./src/lru_buffer.o ./src/main.o ./src/page_map.o   -Wl,--start-group,-lxil,-lgcc,-lc,--end-group
Finished building target: GreedyFTLd.elf
 
Invoking: ARM Print Size
arm-xilinx-eabi-size GreedyFTLd.elf  |tee "GreedyFTLd.elf.size"
   text	   data	    bss	    dec	    hex	filename
 142224	   3096	  23020	 168340	  29194	GreedyFTLd.elf
Finished building: GreedyFTLd.elf.size
 
15:52:17 **** Auto Build of configuration Debug for project GreedyFTLd ****
make all 
Building file: ../src/low_level_scheduler.c
Invoking: ARM gcc compiler
arm-xilinx-eabi-gcc -Wall -O0 -g3 -c -fmessage-length=0 -MT"src/low_level_scheduler.o" -I../../GreedyFTLd_bsp/ps7_cortexa9_0/include -MMD -MP -MF"src/low_level_scheduler.d" -MT"src/low_level_scheduler.d" -o "src/low_level_scheduler.o" "../src/low_level_scheduler.c"
Finished building: ../src/low_level_scheduler.c
 
Building target: GreedyFTLd.elf
Invoking: ARM gcc linker
arm-xilinx-eabi-gcc -Wl,-T -Wl,../src/lscript.ld -L../../GreedyFTLd_bsp/ps7_cortexa9_0/lib -o "GreedyFTLd.elf"  ./src/nvme/host_lld.o ./src/nvme/nvme_admin_cmd.o ./src/nvme/nvme_identify.o ./src/nvme/nvme_io_cmd.o ./src/nvme/nvme_main.o  ./src/fmc_driver.o ./src/init_ftl.o ./src/low_level_scheduler.o ./src/lru_buffer.o ./src/main.o ./src/page_map.o   -Wl,--start-group,-lxil,-lgcc,-lc,--end-group
Finished building target: GreedyFTLd.elf
 
Invoking: ARM Print Size
arm-xilinx-eabi-size GreedyFTLd.elf  |tee "GreedyFTLd.elf.size"
   text	   data	    bss	    dec	    hex	filename
 142308	   3096	  23020	 168424	  291e8	GreedyFTLd.elf
Finished building: GreedyFTLd.elf.size
 
15:52:18 **** Incremental Build of configuration Debug for project GreedyFTLd ****
make all 
make: Nothing to be done for 'all'.
15:52:23 **** Incremental Build of configuration Debug for project GreedyFTLd ****
make all 
make: Nothing to be done for 'all'.
15:52:49 **** Auto Build of configuration Debug for project GreedyFTLd ****
make all 
Building file: ../src/low_level_scheduler.c
Invoking: ARM gcc compiler
arm-xilinx-eabi-gcc -Wall -O0 -g3 -c -fmessage-length=0 -MT"src/low_level_scheduler.o" -I../../GreedyFTLd_bsp/ps7_cortexa9_0/include -MMD -MP -MF"src/low_level_scheduler.d" -MT"src/low_level_scheduler.d" -o "src/low_level_scheduler.o" "../src/low_level_scheduler.c"
Finished building: ../src/low_level_scheduler.c
 
Building target: GreedyFTLd.elf
Invoking: ARM gcc linker
arm-xilinx-eabi-gcc -Wl,-T -Wl,../src/lscript.ld -L../../GreedyFTLd_bsp/ps7_cortexa9_0/lib -o "GreedyFTLd.elf"  ./src/nvme/host_lld.o ./src/nvme/nvme_admin_cmd.o ./src/nvme/nvme_identify.o ./src/nvme/nvme_io_cmd.o ./src/nvme/nvme_main.o  ./src/fmc_driver.o ./src/init_ftl.o ./src/low_level_scheduler.o ./src/lru_buffer.o ./src/main.o ./src/page_map.o   -Wl,--start-group,-lxil,-lgcc,-lc,--end-group
Finished building target: GreedyFTLd.elf
 
Invoking: ARM Print Size
arm-xilinx-eabi-size GreedyFTLd.elf  |tee "GreedyFTLd.elf.size"
   text	   data	    bss	    dec	    hex	filename
 142328	   3096	  23020	 168444	  291fc	GreedyFTLd.elf
Finished building: GreedyFTLd.elf.size
 
15:52:51 **** Incremental Build of configuration Debug for project GreedyFTLd ****
make all 
make: Nothing to be done for 'all'.
15:53:25 **** Auto Build of configuration Debug for project GreedyFTLd ****
make all 
Building file: ../src/low_level_scheduler.c
Invoking: ARM gcc compiler
arm-xilinx-eabi-gcc -Wall -O0 -g3 -c -fmessage-length=0 -MT"src/low_level_scheduler.o" -I../../GreedyFTLd_bsp/ps7_cortexa9_0/include -MMD -MP -MF"src/low_level_scheduler.d" -MT"src/low_level_scheduler.d" -o "src/low_level_scheduler.o" "../src/low_level_scheduler.c"
Finished building: ../src/low_level_scheduler.c
 
Building target: GreedyFTLd.elf
Invoking: ARM gcc linker
arm-xilinx-eabi-gcc -Wl,-T -Wl,../src/lscript.ld -L../../GreedyFTLd_bsp/ps7_cortexa9_0/lib -o "GreedyFTLd.elf"  ./src/nvme/host_lld.o ./src/nvme/nvme_admin_cmd.o ./src/nvme/nvme_identify.o ./src/nvme/nvme_io_cmd.o ./src/nvme/nvme_main.o  ./src/fmc_driver.o ./src/init_ftl.o ./src/low_level_scheduler.o ./src/lru_buffer.o ./src/main.o ./src/page_map.o   -Wl,--start-group,-lxil,-lgcc,-lc,--end-group
Finished building target: GreedyFTLd.elf
 
Invoking: ARM Print Size
arm-xilinx-eabi-size GreedyFTLd.elf  |tee "GreedyFTLd.elf.size"
   text	   data	    bss	    dec	    hex	filename
 142336	   3096	  23020	 168452	  29204	GreedyFTLd.elf
Finished building: GreedyFTLd.elf.size
 
15:53:30 **** Incremental Build of configuration Debug for project GreedyFTLd ****
make all 
make: Nothing to be done for 'all'.
15:54:51 **** Auto Build of configuration Debug for project GreedyFTLd ****
make all 
Building file: ../src/low_level_scheduler.c
Invoking: ARM gcc compiler
arm-xilinx-eabi-gcc -Wall -O0 -g3 -c -fmessage-length=0 -MT"src/low_level_scheduler.o" -I../../GreedyFTLd_bsp/ps7_cortexa9_0/include -MMD -MP -MF"src/low_level_scheduler.d" -MT"src/low_level_scheduler.d" -o "src/low_level_scheduler.o" "../src/low_level_scheduler.c"
Finished building: ../src/low_level_scheduler.c
 
Building target: GreedyFTLd.elf
Invoking: ARM gcc linker
arm-xilinx-eabi-gcc -Wl,-T -Wl,../src/lscript.ld -L../../GreedyFTLd_bsp/ps7_cortexa9_0/lib -o "GreedyFTLd.elf"  ./src/nvme/host_lld.o ./src/nvme/nvme_admin_cmd.o ./src/nvme/nvme_identify.o ./src/nvme/nvme_io_cmd.o ./src/nvme/nvme_main.o  ./src/fmc_driver.o ./src/init_ftl.o ./src/low_level_scheduler.o ./src/lru_buffer.o ./src/main.o ./src/page_map.o   -Wl,--start-group,-lxil,-lgcc,-lc,--end-group
Finished building target: GreedyFTLd.elf
 
Invoking: ARM Print Size
arm-xilinx-eabi-size GreedyFTLd.elf  |tee "GreedyFTLd.elf.size"
   text	   data	    bss	    dec	    hex	filename
 142144	   3096	  23020	 168260	  29144	GreedyFTLd.elf
Finished building: GreedyFTLd.elf.size
 
15:55:25 **** Auto Build of configuration Debug for project GreedyFTLd ****
make all 
Building file: ../src/low_level_scheduler.c
Invoking: ARM gcc compiler
arm-xilinx-eabi-gcc -Wall -O0 -g3 -c -fmessage-length=0 -MT"src/low_level_scheduler.o" -I../../GreedyFTLd_bsp/ps7_cortexa9_0/include -MMD -MP -MF"src/low_level_scheduler.d" -MT"src/low_level_scheduler.d" -o "src/low_level_scheduler.o" "../src/low_level_scheduler.c"
Finished building: ../src/low_level_scheduler.c
 
Building target: GreedyFTLd.elf
Invoking: ARM gcc linker
arm-xilinx-eabi-gcc -Wl,-T -Wl,../src/lscript.ld -L../../GreedyFTLd_bsp/ps7_cortexa9_0/lib -o "GreedyFTLd.elf"  ./src/nvme/host_lld.o ./src/nvme/nvme_admin_cmd.o ./src/nvme/nvme_identify.o ./src/nvme/nvme_io_cmd.o ./src/nvme/nvme_main.o  ./src/fmc_driver.o ./src/init_ftl.o ./src/low_level_scheduler.o ./src/lru_buffer.o ./src/main.o ./src/page_map.o   -Wl,--start-group,-lxil,-lgcc,-lc,--end-group
Finished building target: GreedyFTLd.elf
 
Invoking: ARM Print Size
arm-xilinx-eabi-size GreedyFTLd.elf  |tee "GreedyFTLd.elf.size"
   text	   data	    bss	    dec	    hex	filename
 142144	   3096	  23020	 168260	  29144	GreedyFTLd.elf
Finished building: GreedyFTLd.elf.size
 
16:27:20 **** Auto Build of configuration Debug for project GreedyFTLd ****
make all 
Building file: ../src/low_level_scheduler.c
Invoking: ARM gcc compiler
arm-xilinx-eabi-gcc -Wall -O0 -g3 -c -fmessage-length=0 -MT"src/low_level_scheduler.o" -I../../GreedyFTLd_bsp/ps7_cortexa9_0/include -MMD -MP -MF"src/low_level_scheduler.d" -MT"src/low_level_scheduler.d" -o "src/low_level_scheduler.o" "../src/low_level_scheduler.c"
Finished building: ../src/low_level_scheduler.c
 
Building target: GreedyFTLd.elf
Invoking: ARM gcc linker
arm-xilinx-eabi-gcc -Wl,-T -Wl,../src/lscript.ld -L../../GreedyFTLd_bsp/ps7_cortexa9_0/lib -o "GreedyFTLd.elf"  ./src/nvme/host_lld.o ./src/nvme/nvme_admin_cmd.o ./src/nvme/nvme_identify.o ./src/nvme/nvme_io_cmd.o ./src/nvme/nvme_main.o  ./src/fmc_driver.o ./src/init_ftl.o ./src/low_level_scheduler.o ./src/lru_buffer.o ./src/main.o ./src/page_map.o   -Wl,--start-group,-lxil,-lgcc,-lc,--end-group
Finished building target: GreedyFTLd.elf
 
Invoking: ARM Print Size
arm-xilinx-eabi-size GreedyFTLd.elf  |tee "GreedyFTLd.elf.size"
   text	   data	    bss	    dec	    hex	filename
 142144	   3096	  23020	 168260	  29144	GreedyFTLd.elf
Finished building: GreedyFTLd.elf.size
 
12:58:25 **** Auto Build of configuration Debug for project GreedyFTLd ****
make all 
Building file: ../src/low_level_scheduler.c
Invoking: ARM gcc compiler
arm-xilinx-eabi-gcc -Wall -O0 -g3 -c -fmessage-length=0 -MT"src/low_level_scheduler.o" -I../../GreedyFTLd_bsp/ps7_cortexa9_0/include -MMD -MP -MF"src/low_level_scheduler.d" -MT"src/low_level_scheduler.d" -o "src/low_level_scheduler.o" "../src/low_level_scheduler.c"
Finished building: ../src/low_level_scheduler.c
 
Building target: GreedyFTLd.elf
Invoking: ARM gcc linker
arm-xilinx-eabi-gcc -Wl,-T -Wl,../src/lscript.ld -L../../GreedyFTLd_bsp/ps7_cortexa9_0/lib -o "GreedyFTLd.elf"  ./src/nvme/host_lld.o ./src/nvme/nvme_admin_cmd.o ./src/nvme/nvme_identify.o ./src/nvme/nvme_io_cmd.o ./src/nvme/nvme_main.o  ./src/fmc_driver.o ./src/init_ftl.o ./src/low_level_scheduler.o ./src/lru_buffer.o ./src/main.o ./src/page_map.o   -Wl,--start-group,-lxil,-lgcc,-lc,--end-group
Finished building target: GreedyFTLd.elf
 
Invoking: ARM Print Size
arm-xilinx-eabi-size GreedyFTLd.elf  |tee "GreedyFTLd.elf.size"
   text	   data	    bss	    dec	    hex	filename
 142160	   3096	  23020	 168276	  29154	GreedyFTLd.elf
Finished building: GreedyFTLd.elf.size
 
12:58:55 **** Auto Build of configuration Debug for project GreedyFTLd ****
make all 
Building file: ../src/low_level_scheduler.c
Invoking: ARM gcc compiler
arm-xilinx-eabi-gcc -Wall -O0 -g3 -c -fmessage-length=0 -MT"src/low_level_scheduler.o" -I../../GreedyFTLd_bsp/ps7_cortexa9_0/include -MMD -MP -MF"src/low_level_scheduler.d" -MT"src/low_level_scheduler.d" -o "src/low_level_scheduler.o" "../src/low_level_scheduler.c"
Finished building: ../src/low_level_scheduler.c
 
Building target: GreedyFTLd.elf
Invoking: ARM gcc linker
arm-xilinx-eabi-gcc -Wl,-T -Wl,../src/lscript.ld -L../../GreedyFTLd_bsp/ps7_cortexa9_0/lib -o "GreedyFTLd.elf"  ./src/nvme/host_lld.o ./src/nvme/nvme_admin_cmd.o ./src/nvme/nvme_identify.o ./src/nvme/nvme_io_cmd.o ./src/nvme/nvme_main.o  ./src/fmc_driver.o ./src/init_ftl.o ./src/low_level_scheduler.o ./src/lru_buffer.o ./src/main.o ./src/page_map.o   -Wl,--start-group,-lxil,-lgcc,-lc,--end-group
Finished building target: GreedyFTLd.elf
 
Invoking: ARM Print Size
arm-xilinx-eabi-size GreedyFTLd.elf  |tee "GreedyFTLd.elf.size"
   text	   data	    bss	    dec	    hex	filename
 142196	   3096	  23020	 168312	  29178	GreedyFTLd.elf
Finished building: GreedyFTLd.elf.size
 
12:59:16 **** Auto Build of configuration Debug for project GreedyFTLd ****
make all 
Building file: ../src/low_level_scheduler.c
Invoking: ARM gcc compiler
arm-xilinx-eabi-gcc -Wall -O0 -g3 -c -fmessage-length=0 -MT"src/low_level_scheduler.o" -I../../GreedyFTLd_bsp/ps7_cortexa9_0/include -MMD -MP -MF"src/low_level_scheduler.d" -MT"src/low_level_scheduler.d" -o "src/low_level_scheduler.o" "../src/low_level_scheduler.c"
Finished building: ../src/low_level_scheduler.c
 
Building target: GreedyFTLd.elf
Invoking: ARM gcc linker
arm-xilinx-eabi-gcc -Wl,-T -Wl,../src/lscript.ld -L../../GreedyFTLd_bsp/ps7_cortexa9_0/lib -o "GreedyFTLd.elf"  ./src/nvme/host_lld.o ./src/nvme/nvme_admin_cmd.o ./src/nvme/nvme_identify.o ./src/nvme/nvme_io_cmd.o ./src/nvme/nvme_main.o  ./src/fmc_driver.o ./src/init_ftl.o ./src/low_level_scheduler.o ./src/lru_buffer.o ./src/main.o ./src/page_map.o   -Wl,--start-group,-lxil,-lgcc,-lc,--end-group
Finished building target: GreedyFTLd.elf
 
Invoking: ARM Print Size
arm-xilinx-eabi-size GreedyFTLd.elf  |tee "GreedyFTLd.elf.size"
   text	   data	    bss	    dec	    hex	filename
 142236	   3096	  23020	 168352	  291a0	GreedyFTLd.elf
Finished building: GreedyFTLd.elf.size
 
12:59:48 **** Auto Build of configuration Debug for project GreedyFTLd ****
make all 
Building file: ../src/low_level_scheduler.c
Invoking: ARM gcc compiler
arm-xilinx-eabi-gcc -Wall -O0 -g3 -c -fmessage-length=0 -MT"src/low_level_scheduler.o" -I../../GreedyFTLd_bsp/ps7_cortexa9_0/include -MMD -MP -MF"src/low_level_scheduler.d" -MT"src/low_level_scheduler.d" -o "src/low_level_scheduler.o" "../src/low_level_scheduler.c"
Finished building: ../src/low_level_scheduler.c
 
Building target: GreedyFTLd.elf
Invoking: ARM gcc linker
arm-xilinx-eabi-gcc -Wl,-T -Wl,../src/lscript.ld -L../../GreedyFTLd_bsp/ps7_cortexa9_0/lib -o "GreedyFTLd.elf"  ./src/nvme/host_lld.o ./src/nvme/nvme_admin_cmd.o ./src/nvme/nvme_identify.o ./src/nvme/nvme_io_cmd.o ./src/nvme/nvme_main.o  ./src/fmc_driver.o ./src/init_ftl.o ./src/low_level_scheduler.o ./src/lru_buffer.o ./src/main.o ./src/page_map.o   -Wl,--start-group,-lxil,-lgcc,-lc,--end-group
Finished building target: GreedyFTLd.elf
 
Invoking: ARM Print Size
arm-xilinx-eabi-size GreedyFTLd.elf  |tee "GreedyFTLd.elf.size"
   text	   data	    bss	    dec	    hex	filename
 142336	   3096	  23020	 168452	  29204	GreedyFTLd.elf
Finished building: GreedyFTLd.elf.size
 
13:00:01 **** Auto Build of configuration Debug for project GreedyFTLd ****
make all 
Building file: ../src/low_level_scheduler.c
Invoking: ARM gcc compiler
arm-xilinx-eabi-gcc -Wall -O0 -g3 -c -fmessage-length=0 -MT"src/low_level_scheduler.o" -I../../GreedyFTLd_bsp/ps7_cortexa9_0/include -MMD -MP -MF"src/low_level_scheduler.d" -MT"src/low_level_scheduler.d" -o "src/low_level_scheduler.o" "../src/low_level_scheduler.c"
Finished building: ../src/low_level_scheduler.c
 
Building target: GreedyFTLd.elf
Invoking: ARM gcc linker
arm-xilinx-eabi-gcc -Wl,-T -Wl,../src/lscript.ld -L../../GreedyFTLd_bsp/ps7_cortexa9_0/lib -o "GreedyFTLd.elf"  ./src/nvme/host_lld.o ./src/nvme/nvme_admin_cmd.o ./src/nvme/nvme_identify.o ./src/nvme/nvme_io_cmd.o ./src/nvme/nvme_main.o  ./src/fmc_driver.o ./src/init_ftl.o ./src/low_level_scheduler.o ./src/lru_buffer.o ./src/main.o ./src/page_map.o   -Wl,--start-group,-lxil,-lgcc,-lc,--end-group
Finished building target: GreedyFTLd.elf
 
Invoking: ARM Print Size
arm-xilinx-eabi-size GreedyFTLd.elf  |tee "GreedyFTLd.elf.size"
   text	   data	    bss	    dec	    hex	filename
 142348	   3096	  23020	 168464	  29210	GreedyFTLd.elf
Finished building: GreedyFTLd.elf.size
 
13:00:08 **** Auto Build of configuration Debug for project GreedyFTLd ****
make all 
Building file: ../src/low_level_scheduler.c
Invoking: ARM gcc compiler
arm-xilinx-eabi-gcc -Wall -O0 -g3 -c -fmessage-length=0 -MT"src/low_level_scheduler.o" -I../../GreedyFTLd_bsp/ps7_cortexa9_0/include -MMD -MP -MF"src/low_level_scheduler.d" -MT"src/low_level_scheduler.d" -o "src/low_level_scheduler.o" "../src/low_level_scheduler.c"
Finished building: ../src/low_level_scheduler.c
 
Building target: GreedyFTLd.elf
Invoking: ARM gcc linker
arm-xilinx-eabi-gcc -Wl,-T -Wl,../src/lscript.ld -L../../GreedyFTLd_bsp/ps7_cortexa9_0/lib -o "GreedyFTLd.elf"  ./src/nvme/host_lld.o ./src/nvme/nvme_admin_cmd.o ./src/nvme/nvme_identify.o ./src/nvme/nvme_io_cmd.o ./src/nvme/nvme_main.o  ./src/fmc_driver.o ./src/init_ftl.o ./src/low_level_scheduler.o ./src/lru_buffer.o ./src/main.o ./src/page_map.o   -Wl,--start-group,-lxil,-lgcc,-lc,--end-group
Finished building target: GreedyFTLd.elf
 
Invoking: ARM Print Size
arm-xilinx-eabi-size GreedyFTLd.elf  |tee "GreedyFTLd.elf.size"
   text	   data	    bss	    dec	    hex	filename
 142352	   3096	  23020	 168468	  29214	GreedyFTLd.elf
Finished building: GreedyFTLd.elf.size
 
13:00:28 **** Incremental Build of configuration Debug for project GreedyFTLd ****
make all 
make: Nothing to be done for 'all'.
13:00:41 **** Incremental Build of configuration Debug for project GreedyFTLd ****
make all 
make: Nothing to be done for 'all'.
13:00:46 **** Incremental Build of configuration Debug for project GreedyFTLd ****
make all 
make: Nothing to be done for 'all'.
13:03:06 **** Auto Build of configuration Debug for project GreedyFTLd ****
make all 
Building file: ../src/low_level_scheduler.c
Invoking: ARM gcc compiler
arm-xilinx-eabi-gcc -Wall -O0 -g3 -c -fmessage-length=0 -MT"src/low_level_scheduler.o" -I../../GreedyFTLd_bsp/ps7_cortexa9_0/include -MMD -MP -MF"src/low_level_scheduler.d" -MT"src/low_level_scheduler.d" -o "src/low_level_scheduler.o" "../src/low_level_scheduler.c"
Finished building: ../src/low_level_scheduler.c
 
Building target: GreedyFTLd.elf
Invoking: ARM gcc linker
arm-xilinx-eabi-gcc -Wl,-T -Wl,../src/lscript.ld -L../../GreedyFTLd_bsp/ps7_cortexa9_0/lib -o "GreedyFTLd.elf"  ./src/nvme/host_lld.o ./src/nvme/nvme_admin_cmd.o ./src/nvme/nvme_identify.o ./src/nvme/nvme_io_cmd.o ./src/nvme/nvme_main.o  ./src/fmc_driver.o ./src/init_ftl.o ./src/low_level_scheduler.o ./src/lru_buffer.o ./src/main.o ./src/page_map.o   -Wl,--start-group,-lxil,-lgcc,-lc,--end-group
Finished building target: GreedyFTLd.elf
 
Invoking: ARM Print Size
arm-xilinx-eabi-size GreedyFTLd.elf  |tee "GreedyFTLd.elf.size"
   text	   data	    bss	    dec	    hex	filename
 142356	   3096	  23020	 168472	  29218	GreedyFTLd.elf
Finished building: GreedyFTLd.elf.size
 
13:55:50 **** Auto Build of configuration Debug for project GreedyFTLd ****
make all 
Building file: ../src/low_level_scheduler.c
Invoking: ARM gcc compiler
arm-xilinx-eabi-gcc -Wall -O0 -g3 -c -fmessage-length=0 -MT"src/low_level_scheduler.o" -I../../GreedyFTLd_bsp/ps7_cortexa9_0/include -MMD -MP -MF"src/low_level_scheduler.d" -MT"src/low_level_scheduler.d" -o "src/low_level_scheduler.o" "../src/low_level_scheduler.c"
Finished building: ../src/low_level_scheduler.c
 
Building target: GreedyFTLd.elf
Invoking: ARM gcc linker
arm-xilinx-eabi-gcc -Wl,-T -Wl,../src/lscript.ld -L../../GreedyFTLd_bsp/ps7_cortexa9_0/lib -o "GreedyFTLd.elf"  ./src/nvme/host_lld.o ./src/nvme/nvme_admin_cmd.o ./src/nvme/nvme_identify.o ./src/nvme/nvme_io_cmd.o ./src/nvme/nvme_main.o  ./src/fmc_driver.o ./src/init_ftl.o ./src/low_level_scheduler.o ./src/lru_buffer.o ./src/main.o ./src/page_map.o   -Wl,--start-group,-lxil,-lgcc,-lc,--end-group
Finished building target: GreedyFTLd.elf
 
Invoking: ARM Print Size
arm-xilinx-eabi-size GreedyFTLd.elf  |tee "GreedyFTLd.elf.size"
   text	   data	    bss	    dec	    hex	filename
 142356	   3096	  23020	 168472	  29218	GreedyFTLd.elf
Finished building: GreedyFTLd.elf.size
 
14:15:07 **** Auto Build of configuration Debug for project GreedyFTLd ****
make all 
Building file: ../src/low_level_scheduler.c
Invoking: ARM gcc compiler
arm-xilinx-eabi-gcc -Wall -O0 -g3 -c -fmessage-length=0 -MT"src/low_level_scheduler.o" -I../../GreedyFTLd_bsp/ps7_cortexa9_0/include -MMD -MP -MF"src/low_level_scheduler.d" -MT"src/low_level_scheduler.d" -o "src/low_level_scheduler.o" "../src/low_level_scheduler.c"
Finished building: ../src/low_level_scheduler.c
 
Building target: GreedyFTLd.elf
Invoking: ARM gcc linker
arm-xilinx-eabi-gcc -Wl,-T -Wl,../src/lscript.ld -L../../GreedyFTLd_bsp/ps7_cortexa9_0/lib -o "GreedyFTLd.elf"  ./src/nvme/host_lld.o ./src/nvme/nvme_admin_cmd.o ./src/nvme/nvme_identify.o ./src/nvme/nvme_io_cmd.o ./src/nvme/nvme_main.o  ./src/fmc_driver.o ./src/init_ftl.o ./src/low_level_scheduler.o ./src/lru_buffer.o ./src/main.o ./src/page_map.o   -Wl,--start-group,-lxil,-lgcc,-lc,--end-group
Finished building target: GreedyFTLd.elf
 
Invoking: ARM Print Size
arm-xilinx-eabi-size GreedyFTLd.elf  |tee "GreedyFTLd.elf.size"
   text	   data	    bss	    dec	    hex	filename
 142384	   3096	  23020	 168500	  29234	GreedyFTLd.elf
Finished building: GreedyFTLd.elf.size
 
14:18:03 **** Incremental Build of configuration Debug for project GreedyFTLd ****
make all 
make: Nothing to be done for 'all'.
14:18:14 **** Incremental Build of configuration Debug for project GreedyFTLd ****
make all 
make: Nothing to be done for 'all'.
14:18:20 **** Incremental Build of configuration Debug for project GreedyFTLd ****
make all 
make: Nothing to be done for 'all'.
14:19:49 **** Incremental Build of configuration Debug for project GreedyFTLd ****
make all 
make: Nothing to be done for 'all'.
14:21:34 **** Auto Build of configuration Debug for project GreedyFTLd ****
make all 
Building file: ../src/low_level_scheduler.c
Invoking: ARM gcc compiler
arm-xilinx-eabi-gcc -Wall -O0 -g3 -c -fmessage-length=0 -MT"src/low_level_scheduler.o" -I../../GreedyFTLd_bsp/ps7_cortexa9_0/include -MMD -MP -MF"src/low_level_scheduler.d" -MT"src/low_level_scheduler.d" -o "src/low_level_scheduler.o" "../src/low_level_scheduler.c"
Finished building: ../src/low_level_scheduler.c
 
Building target: GreedyFTLd.elf
Invoking: ARM gcc linker
arm-xilinx-eabi-gcc -Wl,-T -Wl,../src/lscript.ld -L../../GreedyFTLd_bsp/ps7_cortexa9_0/lib -o "GreedyFTLd.elf"  ./src/nvme/host_lld.o ./src/nvme/nvme_admin_cmd.o ./src/nvme/nvme_identify.o ./src/nvme/nvme_io_cmd.o ./src/nvme/nvme_main.o  ./src/fmc_driver.o ./src/init_ftl.o ./src/low_level_scheduler.o ./src/lru_buffer.o ./src/main.o ./src/page_map.o   -Wl,--start-group,-lxil,-lgcc,-lc,--end-group
Finished building target: GreedyFTLd.elf
 
Invoking: ARM Print Size
arm-xilinx-eabi-size GreedyFTLd.elf  |tee "GreedyFTLd.elf.size"
   text	   data	    bss	    dec	    hex	filename
 142172	   3096	  23020	 168288	  29160	GreedyFTLd.elf
Finished building: GreedyFTLd.elf.size
 
14:22:09 **** Auto Build of configuration Debug for project GreedyFTLd ****
make all 
Building file: ../src/low_level_scheduler.c
Invoking: ARM gcc compiler
arm-xilinx-eabi-gcc -Wall -O0 -g3 -c -fmessage-length=0 -MT"src/low_level_scheduler.o" -I../../GreedyFTLd_bsp/ps7_cortexa9_0/include -MMD -MP -MF"src/low_level_scheduler.d" -MT"src/low_level_scheduler.d" -o "src/low_level_scheduler.o" "../src/low_level_scheduler.c"
Finished building: ../src/low_level_scheduler.c
 
Building target: GreedyFTLd.elf
Invoking: ARM gcc linker
arm-xilinx-eabi-gcc -Wl,-T -Wl,../src/lscript.ld -L../../GreedyFTLd_bsp/ps7_cortexa9_0/lib -o "GreedyFTLd.elf"  ./src/nvme/host_lld.o ./src/nvme/nvme_admin_cmd.o ./src/nvme/nvme_identify.o ./src/nvme/nvme_io_cmd.o ./src/nvme/nvme_main.o  ./src/fmc_driver.o ./src/init_ftl.o ./src/low_level_scheduler.o ./src/lru_buffer.o ./src/main.o ./src/page_map.o   -Wl,--start-group,-lxil,-lgcc,-lc,--end-group
Finished building target: GreedyFTLd.elf
 
Invoking: ARM Print Size
arm-xilinx-eabi-size GreedyFTLd.elf  |tee "GreedyFTLd.elf.size"
   text	   data	    bss	    dec	    hex	filename
 142152	   3096	  23020	 168268	  2914c	GreedyFTLd.elf
Finished building: GreedyFTLd.elf.size
 
14:31:05 **** Auto Build of configuration Debug for project GreedyFTLd ****
make all 
Building file: ../src/uart_shell.c
Invoking: ARM gcc compiler
arm-xilinx-eabi-gcc -Wall -O0 -g3 -c -fmessage-length=0 -MT"src/uart_shell.o" -I../../GreedyFTLd_bsp/ps7_cortexa9_0/include -MMD -MP -MF"src/uart_shell.d" -MT"src/uart_shell.d" -o "src/uart_shell.o" "../src/uart_shell.c"
Finished building: ../src/uart_shell.c
 
Building target: GreedyFTLd.elf
Invoking: ARM gcc linker
arm-xilinx-eabi-gcc -Wl,-T -Wl,../src/lscript.ld -L../../GreedyFTLd_bsp/ps7_cortexa9_0/lib -o "GreedyFTLd.elf"  ./src/nvme/host_lld.o ./src/nvme/nvme_admin_cmd.o ./src/nvme/nvme_identify.o ./src/nvme/nvme_io_cmd.o ./src/nvme/nvme_main.o  ./src/fmc_driver.o ./src/init_ftl.o ./src/low_level_scheduler.o ./src/lru_buffer.o ./src/main.o ./src/page_map.o ./src/uart_shell.o   -Wl,--start-group,-lxil,-lgcc,-lc,--end-group
Finished building target: GreedyFTLd.elf
 
Invoking: ARM Print Size
arm-xilinx-eabi-size GreedyFTLd.elf  |tee "GreedyFTLd.elf.size"
   text	   data	    bss	    dec	    hex	filename
 142152	   3096	  23020	 168268	  2914c	GreedyFTLd.elf
Finished building: GreedyFTLd.elf.size
 
14:31:14 **** Auto Build of configuration Debug for project GreedyFTLd ****
make all 
make: Nothing to be done for 'all'.
14:31:37 **** Auto Build of configuration Debug for project GreedyFTLd ****
make all 
make: Nothing to be done for 'all'.
15:04:18 **** Auto Build of configuration Debug for project GreedyFTLd ****
make all 
make: Nothing to be done for 'all'.
15:08:17 **** Auto Build of configuration Debug for project GreedyFTLd ****
make all 
make: Nothing to be done for 'all'.
15:08:21 **** Auto Build of configuration Debug for project GreedyFTLd ****
make all 
make: Nothing to be done for 'all'.
15:08:28 **** Auto Build of configuration Debug for project GreedyFTLd ****
make all 
make: Nothing to be done for 'all'.
15:08:31 **** Auto Build of configuration Debug for project GreedyFTLd ****
make all 
make: Nothing to be done for 'all'.
15:08:40 **** Auto Build of configuration Debug for project GreedyFTLd ****
make all 
make: Nothing to be done for 'all'.
15:08:41 **** Auto Build of configuration Debug for project GreedyFTLd ****
make all 
make: Nothing to be done for 'all'.
15:08:44 **** Auto Build of configuration Debug for project GreedyFTLd ****
make all 
make: Nothing to be done for 'all'.
15:08:45 **** Auto Build of configuration Debug for project GreedyFTLd ****
make all 
make: Nothing to be done for 'all'.
15:08:56 **** Auto Build of configuration Debug for project GreedyFTLd ****
make all 
make: Nothing to be done for 'all'.
15:09:12 **** Auto Build of configuration Debug for project GreedyFTLd ****
make all 
make: Nothing to be done for 'all'.
15:09:21 **** Auto Build of configuration Debug for project GreedyFTLd ****
make all 
make: Nothing to be done for 'all'.
15:09:27 **** Auto Build of configuration Debug for project GreedyFTLd ****
make all 
make: Nothing to be done for 'all'.
15:09:33 **** Auto Build of configuration Debug for project GreedyFTLd ****
make all 
make: Nothing to be done for 'all'.
15:11:35 **** Auto Build of configuration Debug for project GreedyFTLd ****
make all 
make: Nothing to be done for 'all'.
15:11:46 **** Auto Build of configuration Debug for project GreedyFTLd ****
make all 
make: Nothing to be done for 'all'.
15:11:50 **** Auto Build of configuration Debug for project GreedyFTLd ****
make all 
make: Nothing to be done for 'all'.
15:12:04 **** Auto Build of configuration Debug for project GreedyFTLd ****
make all 
make: Nothing to be done for 'all'.
15:12:58 **** Auto Build of configuration Debug for project GreedyFTLd ****
make all 
make: Nothing to be done for 'all'.
15:12:59 **** Auto Build of configuration Debug for project GreedyFTLd ****
make all 
make: Nothing to be done for 'all'.
15:13:03 **** Auto Build of configuration Debug for project GreedyFTLd ****
make all 
make: Nothing to be done for 'all'.
15:13:27 **** Auto Build of configuration Debug for project GreedyFTLd ****
make all 
make: Nothing to be done for 'all'.
15:14:26 **** Auto Build of configuration Debug for project GreedyFTLd ****
make all 
make: Nothing to be done for 'all'.
15:14:34 **** Auto Build of configuration Debug for project GreedyFTLd ****
make all 
make: Nothing to be done for 'all'.
15:14:48 **** Auto Build of configuration Debug for project GreedyFTLd ****
make all 
make: Nothing to be done for 'all'.
15:47:28 **** Auto Build of configuration Debug for project GreedyFTLd ****
make all 
Building file: ../src/main.c
Invoking: ARM gcc compiler
arm-xilinx-eabi-gcc -Wall -O0 -g3 -c -fmessage-length=0 -MT"src/main.o" -I../../GreedyFTLd_bsp/ps7_cortexa9_0/include -MMD -MP -MF"src/main.d" -MT"src/main.d" -o "src/main.o" "../src/main.c"
Finished building: ../src/main.c
 
Building target: GreedyFTLd.elf
Invoking: ARM gcc linker
arm-xilinx-eabi-gcc -Wl,-T -Wl,../src/lscript.ld -L../../GreedyFTLd_bsp/ps7_cortexa9_0/lib -o "GreedyFTLd.elf"  ./src/nvme/host_lld.o ./src/nvme/nvme_admin_cmd.o ./src/nvme/nvme_identify.o ./src/nvme/nvme_io_cmd.o ./src/nvme/nvme_main.o  ./src/fmc_driver.o ./src/init_ftl.o ./src/low_level_scheduler.o ./src/lru_buffer.o ./src/main.o ./src/page_map.o ./src/uart_shell.o   -Wl,--start-group,-lxil,-lgcc,-lc,--end-group
Finished building target: GreedyFTLd.elf
 
Invoking: ARM Print Size
arm-xilinx-eabi-size GreedyFTLd.elf  |tee "GreedyFTLd.elf.size"
   text	   data	    bss	    dec	    hex	filename
 142152	   3096	  23020	 168268	  2914c	GreedyFTLd.elf
Finished building: GreedyFTLd.elf.size
 
15:49:18 **** Auto Build of configuration Debug for project GreedyFTLd ****
make all 
make: Nothing to be done for 'all'.
15:49:25 **** Auto Build of configuration Debug for project GreedyFTLd ****
make all 
make: Nothing to be done for 'all'.
15:49:26 **** Auto Build of configuration Debug for project GreedyFTLd ****
make all 
make: Nothing to be done for 'all'.
15:50:40 **** Auto Build of configuration Debug for project GreedyFTLd ****
make all 
make: Nothing to be done for 'all'.
15:50:50 **** Auto Build of configuration Debug for project GreedyFTLd ****
make all 
Building file: ../src/uart_shell.c
Invoking: ARM gcc compiler
arm-xilinx-eabi-gcc -Wall -O0 -g3 -c -fmessage-length=0 -MT"src/uart_shell.o" -I../../GreedyFTLd_bsp/ps7_cortexa9_0/include -MMD -MP -MF"src/uart_shell.d" -MT"src/uart_shell.d" -o "src/uart_shell.o" "../src/uart_shell.c"
Finished building: ../src/uart_shell.c
 
Building target: GreedyFTLd.elf
Invoking: ARM gcc linker
arm-xilinx-eabi-gcc -Wl,-T -Wl,../src/lscript.ld -L../../GreedyFTLd_bsp/ps7_cortexa9_0/lib -o "GreedyFTLd.elf"  ./src/nvme/host_lld.o ./src/nvme/nvme_admin_cmd.o ./src/nvme/nvme_identify.o ./src/nvme/nvme_io_cmd.o ./src/nvme/nvme_main.o  ./src/fmc_driver.o ./src/init_ftl.o ./src/low_level_scheduler.o ./src/lru_buffer.o ./src/main.o ./src/page_map.o ./src/uart_shell.o   -Wl,--start-group,-lxil,-lgcc,-lc,--end-group
Finished building target: GreedyFTLd.elf
 
Invoking: ARM Print Size
arm-xilinx-eabi-size GreedyFTLd.elf  |tee "GreedyFTLd.elf.size"
   text	   data	    bss	    dec	    hex	filename
 142152	   3096	  23020	 168268	  2914c	GreedyFTLd.elf
Finished building: GreedyFTLd.elf.size
 
15:51:13 **** Auto Build of configuration Debug for project GreedyFTLd ****
make all 
Building file: ../src/uart_shell.c
Invoking: ARM gcc compiler
arm-xilinx-eabi-gcc -Wall -O0 -g3 -c -fmessage-length=0 -MT"src/uart_shell.o" -I../../GreedyFTLd_bsp/ps7_cortexa9_0/include -MMD -MP -MF"src/uart_shell.d" -MT"src/uart_shell.d" -o "src/uart_shell.o" "../src/uart_shell.c"
In file included from ../src/uart_shell.c:1:0:
../src/uart_shell.h:19:15: error: unknown type name 'XScuGic'
src/subdir.mk:39: recipe for target 'src/uart_shell.o' failed
 #define INTC  XScuGic
               ^
../src/uart_shell.h:26:1: note: in expansion of macro 'INTC'
 INTC interruptcontroller;
 ^
../src/uart_shell.h:35:8: error: unterminated comment
 #endif /* UART_SHELL_H
        ^
make: *** [src/uart_shell.o] Error 1
15:51:22 **** Auto Build of configuration Debug for project GreedyFTLd ****
make all 
Building file: ../src/uart_shell.c
Invoking: ARM gcc compiler
arm-xilinx-eabi-gcc -Wall -O0 -g3 -c -fmessage-length=0 -MT"src/uart_shell.o" -I../../GreedyFTLd_bsp/ps7_cortexa9_0/include -MMD -MP -MF"src/uart_shell.d" -MT"src/uart_shell.d" -o "src/uart_shell.o" "../src/uart_shell.c"
In file included from ../src/uart_shell.c:1:0:
../src/uart_shell.h:19:15: error: unknown type name 'XScuGic'
src/subdir.mk:39: recipe for target 'src/uart_shell.o' failed
 #define INTC  XScuGic
               ^
../src/uart_shell.h:26:1: note: in expansion of macro 'INTC'
 INTC interruptcontroller;
 ^
make: *** [src/uart_shell.o] Error 1
15:52:06 **** Auto Build of configuration Debug for project GreedyFTLd ****
make all 
Building file: ../src/uart_shell.c
Invoking: ARM gcc compiler
arm-xilinx-eabi-gcc -Wall -O0 -g3 -c -fmessage-length=0 -MT"src/uart_shell.o" -I../../GreedyFTLd_bsp/ps7_cortexa9_0/include -MMD -MP -MF"src/uart_shell.d" -MT"src/uart_shell.d" -o "src/uart_shell.o" "../src/uart_shell.c"
Finished building: ../src/uart_shell.c
 
Building target: GreedyFTLd.elf
Invoking: ARM gcc linker
arm-xilinx-eabi-gcc -Wl,-T -Wl,../src/lscript.ld -L../../GreedyFTLd_bsp/ps7_cortexa9_0/lib -o "GreedyFTLd.elf"  ./src/nvme/host_lld.o ./src/nvme/nvme_admin_cmd.o ./src/nvme/nvme_identify.o ./src/nvme/nvme_io_cmd.o ./src/nvme/nvme_main.o  ./src/fmc_driver.o ./src/init_ftl.o ./src/low_level_scheduler.o ./src/lru_buffer.o ./src/main.o ./src/page_map.o ./src/uart_shell.o   -Wl,--start-group,-lxil,-lgcc,-lc,--end-group
Finished building target: GreedyFTLd.elf
 
Invoking: ARM Print Size
arm-xilinx-eabi-size GreedyFTLd.elf  |tee "GreedyFTLd.elf.size"
   text	   data	    bss	    dec	    hex	filename
 142152	   3096	  23100	 168348	  2919c	GreedyFTLd.elf
Finished building: GreedyFTLd.elf.size
 
15:52:29 **** Auto Build of configuration Debug for project GreedyFTLd ****
make all 
Building file: ../src/uart_shell.c
Invoking: ARM gcc compiler
arm-xilinx-eabi-gcc -Wall -O0 -g3 -c -fmessage-length=0 -MT"src/uart_shell.o" -I../../GreedyFTLd_bsp/ps7_cortexa9_0/include -MMD -MP -MF"src/uart_shell.d" -MT"src/uart_shell.d" -o "src/uart_shell.o" "../src/uart_shell.c"
Finished building: ../src/uart_shell.c
 
Building target: GreedyFTLd.elf
Invoking: ARM gcc linker
arm-xilinx-eabi-gcc -Wl,-T -Wl,../src/lscript.ld -L../../GreedyFTLd_bsp/ps7_cortexa9_0/lib -o "GreedyFTLd.elf"  ./src/nvme/host_lld.o ./src/nvme/nvme_admin_cmd.o ./src/nvme/nvme_identify.o ./src/nvme/nvme_io_cmd.o ./src/nvme/nvme_main.o  ./src/fmc_driver.o ./src/init_ftl.o ./src/low_level_scheduler.o ./src/lru_buffer.o ./src/main.o ./src/page_map.o ./src/uart_shell.o   -Wl,--start-group,-lxil,-lgcc,-lc,--end-group
Finished building target: GreedyFTLd.elf
 
Invoking: ARM Print Size
arm-xilinx-eabi-size GreedyFTLd.elf  |tee "GreedyFTLd.elf.size"
   text	   data	    bss	    dec	    hex	filename
 142152	   3096	  23100	 168348	  2919c	GreedyFTLd.elf
Finished building: GreedyFTLd.elf.size
 
15:52:38 **** Auto Build of configuration Debug for project GreedyFTLd ****
[...]
      ^
../src/uart_shell.c: In function 'receiveCommand':
../src/uart_shell.c:85:36: error: 'totalRceived' undeclared (first use in this function)
     xil_printf("%d", receiveBuffer[totalRceived+received]);
                                    ^
../src/uart_shell.c:85:36: note: each undeclared identifier is reported only once for each function it appears in
src/subdir.mk:39: recipe for target 'src/uart_shell.o' failed
make: *** [src/uart_shell.o] Error 1
16:11:14 **** Auto Build of configuration Debug for project GreedyFTLd ****
make all 
Building file: ../src/uart_shell.c
Invoking: ARM gcc compiler
arm-xilinx-eabi-gcc -Wall -O0 -g3 -c -fmessage-length=0 -MT"src/uart_shell.o" -I../../GreedyFTLd_bsp/ps7_cortexa9_0/include -MMD -MP -MF"src/uart_shell.d" -MT"src/uart_shell.d" -o "src/uart_shell.o" "../src/uart_shell.c"
../src/uart_shell.c: In function 'initializeUart':
../src/uart_shell.c:8:6: warning: unused variable 'mask' [-Wunused-variable]
  u32 mask;
      ^
Finished building: ../src/uart_shell.c
 
Building target: GreedyFTLd.elf
Invoking: ARM gcc linker
arm-xilinx-eabi-gcc -Wl,-T -Wl,../src/lscript.ld -L../../GreedyFTLd_bsp/ps7_cortexa9_0/lib -o "GreedyFTLd.elf"  ./src/nvme/host_lld.o ./src/nvme/nvme_admin_cmd.o ./src/nvme/nvme_identify.o ./src/nvme/nvme_io_cmd.o ./src/nvme/nvme_main.o  ./src/fmc_driver.o ./src/init_ftl.o ./src/low_level_scheduler.o ./src/lru_buffer.o ./src/main.o ./src/page_map.o ./src/uart_shell.o   -Wl,--start-group,-lxil,-lgcc,-lc,--end-group
Finished building target: GreedyFTLd.elf
 
Invoking: ARM Print Size
arm-xilinx-eabi-size GreedyFTLd.elf  |tee "GreedyFTLd.elf.size"
   text	   data	    bss	    dec	    hex	filename
 148092	   3144	  23340	 174576	  2a9f0	GreedyFTLd.elf
Finished building: GreedyFTLd.elf.size
 
16:11:21 **** Auto Build of configuration Debug for project GreedyFTLd ****
make all 
Building file: ../src/uart_shell.c
Invoking: ARM gcc compiler
arm-xilinx-eabi-gcc -Wall -O0 -g3 -c -fmessage-length=0 -MT"src/uart_shell.o" -I../../GreedyFTLd_bsp/ps7_cortexa9_0/include -MMD -MP -MF"src/uart_shell.d" -MT"src/uart_shell.d" -o "src/uart_shell.o" "../src/uart_shell.c"
../src/uart_shell.c: In function 'initializeUart':
../src/uart_shell.c:8:6: warning: unused variable 'mask' [-Wunused-variable]
  u32 mask;
      ^
../src/uart_shell.c: In function 'receiveCommand':
../src/uart_shell.c:65:6: warning: unused variable 'i' [-Wunused-variable]
  int i;
      ^
Finished building: ../src/uart_shell.c
 
Building target: GreedyFTLd.elf
Invoking: ARM gcc linker
arm-xilinx-eabi-gcc -Wl,-T -Wl,../src/lscript.ld -L../../GreedyFTLd_bsp/ps7_cortexa9_0/lib -o "GreedyFTLd.elf"  ./src/nvme/host_lld.o ./src/nvme/nvme_admin_cmd.o ./src/nvme/nvme_identify.o ./src/nvme/nvme_io_cmd.o ./src/nvme/nvme_main.o  ./src/fmc_driver.o ./src/init_ftl.o ./src/low_level_scheduler.o ./src/lru_buffer.o ./src/main.o ./src/page_map.o ./src/uart_shell.o   -Wl,--start-group,-lxil,-lgcc,-lc,--end-group
Finished building target: GreedyFTLd.elf
 
Invoking: ARM Print Size
arm-xilinx-eabi-size GreedyFTLd.elf  |tee "GreedyFTLd.elf.size"
   text	   data	    bss	    dec	    hex	filename
 148008	   3144	  23340	 174492	  2a99c	GreedyFTLd.elf
Finished building: GreedyFTLd.elf.size
 
16:11:27 **** Incremental Build of configuration Debug for project GreedyFTLd ****
make all 
make: Nothing to be done for 'all'.
16:11:56 **** Auto Build of configuration Debug for project GreedyFTLd ****
make all 
Building file: ../src/uart_shell.c
Invoking: ARM gcc compiler
arm-xilinx-eabi-gcc -Wall -O0 -g3 -c -fmessage-length=0 -MT"src/uart_shell.o" -I../../GreedyFTLd_bsp/ps7_cortexa9_0/include -MMD -MP -MF"src/uart_shell.d" -MT"src/uart_shell.d" -o "src/uart_shell.o" "../src/uart_shell.c"
../src/uart_shell.c: In function 'initializeUart':
../src/uart_shell.c:8:6: warning: unused variable 'mask' [-Wunused-variable]
  u32 mask;
      ^
../src/uart_shell.c: In function 'receiveCommand':
../src/uart_shell.c:65:6: warning: unused variable 'i' [-Wunused-variable]
  int i;
      ^
Finished building: ../src/uart_shell.c
 
Building target: GreedyFTLd.elf
Invoking: ARM gcc linker
arm-xilinx-eabi-gcc -Wl,-T -Wl,../src/lscript.ld -L../../GreedyFTLd_bsp/ps7_cortexa9_0/lib -o "GreedyFTLd.elf"  ./src/nvme/host_lld.o ./src/nvme/nvme_admin_cmd.o ./src/nvme/nvme_identify.o ./src/nvme/nvme_io_cmd.o ./src/nvme/nvme_main.o  ./src/fmc_driver.o ./src/init_ftl.o ./src/low_level_scheduler.o ./src/lru_buffer.o ./src/main.o ./src/page_map.o ./src/uart_shell.o   -Wl,--start-group,-lxil,-lgcc,-lc,--end-group
Finished building target: GreedyFTLd.elf
 
Invoking: ARM Print Size
arm-xilinx-eabi-size GreedyFTLd.elf  |tee "GreedyFTLd.elf.size"
   text	   data	    bss	    dec	    hex	filename
 148008	   3144	  23340	 174492	  2a99c	GreedyFTLd.elf
Finished building: GreedyFTLd.elf.size
 
16:12:00 **** Incremental Build of configuration Debug for project GreedyFTLd ****
make all 
make: Nothing to be done for 'all'.
16:13:01 **** Auto Build of configuration Debug for project GreedyFTLd ****
make all 
Building file: ../src/uart_shell.c
Invoking: ARM gcc compiler
arm-xilinx-eabi-gcc -Wall -O0 -g3 -c -fmessage-length=0 -MT"src/uart_shell.o" -I../../GreedyFTLd_bsp/ps7_cortexa9_0/include -MMD -MP -MF"src/uart_shell.d" -MT"src/uart_shell.d" -o "src/uart_shell.o" "../src/uart_shell.c"
../src/uart_shell.c: In function 'initializeUart':
../src/uart_shell.c:8:6: warning: unused variable 'mask' [-Wunused-variable]
  u32 mask;
      ^
Finished building: ../src/uart_shell.c
 
Building target: GreedyFTLd.elf
Invoking: ARM gcc linker
arm-xilinx-eabi-gcc -Wl,-T -Wl,../src/lscript.ld -L../../GreedyFTLd_bsp/ps7_cortexa9_0/lib -o "GreedyFTLd.elf"  ./src/nvme/host_lld.o ./src/nvme/nvme_admin_cmd.o ./src/nvme/nvme_identify.o ./src/nvme/nvme_io_cmd.o ./src/nvme/nvme_main.o  ./src/fmc_driver.o ./src/init_ftl.o ./src/low_level_scheduler.o ./src/lru_buffer.o ./src/main.o ./src/page_map.o ./src/uart_shell.o   -Wl,--start-group,-lxil,-lgcc,-lc,--end-group
Finished building target: GreedyFTLd.elf
 
Invoking: ARM Print Size
arm-xilinx-eabi-size GreedyFTLd.elf  |tee "GreedyFTLd.elf.size"
   text	   data	    bss	    dec	    hex	filename
 148072	   3144	  23340	 174556	  2a9dc	GreedyFTLd.elf
Finished building: GreedyFTLd.elf.size
 
16:13:04 **** Auto Build of configuration Debug for project GreedyFTLd ****
make all 
Building file: ../src/uart_shell.c
Invoking: ARM gcc compiler
arm-xilinx-eabi-gcc -Wall -O0 -g3 -c -fmessage-length=0 -MT"src/uart_shell.o" -I../../GreedyFTLd_bsp/ps7_cortexa9_0/include -MMD -MP -MF"src/uart_shell.d" -MT"src/uart_shell.d" -o "src/uart_shell.o" "../src/uart_shell.c"
../src/uart_shell.c: In function 'initializeUart':
../src/uart_shell.c:8:6: warning: unused variable 'mask' [-Wunused-variable]
  u32 mask;
      ^
Finished building: ../src/uart_shell.c
 
Building target: GreedyFTLd.elf
Invoking: ARM gcc linker
arm-xilinx-eabi-gcc -Wl,-T -Wl,../src/lscript.ld -L../../GreedyFTLd_bsp/ps7_cortexa9_0/lib -o "GreedyFTLd.elf"  ./src/nvme/host_lld.o ./src/nvme/nvme_admin_cmd.o ./src/nvme/nvme_identify.o ./src/nvme/nvme_io_cmd.o ./src/nvme/nvme_main.o  ./src/fmc_driver.o ./src/init_ftl.o ./src/low_level_scheduler.o ./src/lru_buffer.o ./src/main.o ./src/page_map.o ./src/uart_shell.o   -Wl,--start-group,-lxil,-lgcc,-lc,--end-group
Finished building target: GreedyFTLd.elf
 
Invoking: ARM Print Size
arm-xilinx-eabi-size GreedyFTLd.elf  |tee "GreedyFTLd.elf.size"
   text	   data	    bss	    dec	    hex	filename
 148072	   3144	  23340	 174556	  2a9dc	GreedyFTLd.elf
Finished building: GreedyFTLd.elf.size
 
16:13:07 **** Incremental Build of configuration Debug for project GreedyFTLd ****
make all 
make: Nothing to be done for 'all'.
16:13:42 **** Auto Build of configuration Debug for project GreedyFTLd ****
make all 
Building file: ../src/uart_shell.c
Invoking: ARM gcc compiler
arm-xilinx-eabi-gcc -Wall -O0 -g3 -c -fmessage-length=0 -MT"src/uart_shell.o" -I../../GreedyFTLd_bsp/ps7_cortexa9_0/include -MMD -MP -MF"src/uart_shell.d" -MT"src/uart_shell.d" -o "src/uart_shell.o" "../src/uart_shell.c"
../src/uart_shell.c: In function 'initializeUart':
../src/uart_shell.c:8:6: warning: unused variable 'mask' [-Wunused-variable]
  u32 mask;
      ^
Finished building: ../src/uart_shell.c
 
Building target: GreedyFTLd.elf
Invoking: ARM gcc linker
arm-xilinx-eabi-gcc -Wl,-T -Wl,../src/lscript.ld -L../../GreedyFTLd_bsp/ps7_cortexa9_0/lib -o "GreedyFTLd.elf"  ./src/nvme/host_lld.o ./src/nvme/nvme_admin_cmd.o ./src/nvme/nvme_identify.o ./src/nvme/nvme_io_cmd.o ./src/nvme/nvme_main.o  ./src/fmc_driver.o ./src/init_ftl.o ./src/low_level_scheduler.o ./src/lru_buffer.o ./src/main.o ./src/page_map.o ./src/uart_shell.o   -Wl,--start-group,-lxil,-lgcc,-lc,--end-group
Finished building target: GreedyFTLd.elf
 
Invoking: ARM Print Size
arm-xilinx-eabi-size GreedyFTLd.elf  |tee "GreedyFTLd.elf.size"
   text	   data	    bss	    dec	    hex	filename
 148088	   3144	  23340	 174572	  2a9ec	GreedyFTLd.elf
Finished building: GreedyFTLd.elf.size
 
16:13:46 **** Incremental Build of configuration Debug for project GreedyFTLd ****
make all 
make: Nothing to be done for 'all'.
16:16:14 **** Auto Build of configuration Debug for project GreedyFTLd ****
make all 
Building file: ../src/uart_shell.c
Invoking: ARM gcc compiler
arm-xilinx-eabi-gcc -Wall -O0 -g3 -c -fmessage-length=0 -MT"src/uart_shell.o" -I../../GreedyFTLd_bsp/ps7_cortexa9_0/include -MMD -MP -MF"src/uart_shell.d" -MT"src/uart_shell.d" -o "src/uart_shell.o" "../src/uart_shell.c"
../src/uart_shell.c: In function 'initializeUart':
../src/uart_shell.c:8:6: warning: unused variable 'mask' [-Wunused-variable]
  u32 mask;
      ^
Finished building: ../src/uart_shell.c
 
Building target: GreedyFTLd.elf
Invoking: ARM gcc linker
arm-xilinx-eabi-gcc -Wl,-T -Wl,../src/lscript.ld -L../../GreedyFTLd_bsp/ps7_cortexa9_0/lib -o "GreedyFTLd.elf"  ./src/nvme/host_lld.o ./src/nvme/nvme_admin_cmd.o ./src/nvme/nvme_identify.o ./src/nvme/nvme_io_cmd.o ./src/nvme/nvme_main.o  ./src/fmc_driver.o ./src/init_ftl.o ./src/low_level_scheduler.o ./src/lru_buffer.o ./src/main.o ./src/page_map.o ./src/uart_shell.o   -Wl,--start-group,-lxil,-lgcc,-lc,--end-group
Finished building target: GreedyFTLd.elf
 
Invoking: ARM Print Size
arm-xilinx-eabi-size GreedyFTLd.elf  |tee "GreedyFTLd.elf.size"
   text	   data	    bss	    dec	    hex	filename
 148152	   3144	  23340	 174636	  2aa2c	GreedyFTLd.elf
Finished building: GreedyFTLd.elf.size
 
16:16:17 **** Incremental Build of configuration Debug for project GreedyFTLd ****
make all 
make: Nothing to be done for 'all'.
16:16:53 **** Auto Build of configuration Debug for project GreedyFTLd ****
make all 
Building file: ../src/uart_shell.c
Invoking: ARM gcc compiler
arm-xilinx-eabi-gcc -Wall -O0 -g3 -c -fmessage-length=0 -MT"src/uart_shell.o" -I../../GreedyFTLd_bsp/ps7_cortexa9_0/include -MMD -MP -MF"src/uart_shell.d" -MT"src/uart_shell.d" -o "src/uart_shell.o" "../src/uart_shell.c"
../src/uart_shell.c: In function 'initializeUart':
../src/uart_shell.c:8:6: warning: unused variable 'mask' [-Wunused-variable]
  u32 mask;
      ^
Finished building: ../src/uart_shell.c
 
Building target: GreedyFTLd.elf
Invoking: ARM gcc linker
arm-xilinx-eabi-gcc -Wl,-T -Wl,../src/lscript.ld -L../../GreedyFTLd_bsp/ps7_cortexa9_0/lib -o "GreedyFTLd.elf"  ./src/nvme/host_lld.o ./src/nvme/nvme_admin_cmd.o ./src/nvme/nvme_identify.o ./src/nvme/nvme_io_cmd.o ./src/nvme/nvme_main.o  ./src/fmc_driver.o ./src/init_ftl.o ./src/low_level_scheduler.o ./src/lru_buffer.o ./src/main.o ./src/page_map.o ./src/uart_shell.o   -Wl,--start-group,-lxil,-lgcc,-lc,--end-group
Finished building target: GreedyFTLd.elf
 
Invoking: ARM Print Size
arm-xilinx-eabi-size GreedyFTLd.elf  |tee "GreedyFTLd.elf.size"
   text	   data	    bss	    dec	    hex	filename
 148036	   3144	  23340	 174520	  2a9b8	GreedyFTLd.elf
Finished building: GreedyFTLd.elf.size
 
16:16:59 **** Incremental Build of configuration Debug for project GreedyFTLd ****
make all 
make: Nothing to be done for 'all'.
16:17:30 **** Auto Build of configuration Debug for project GreedyFTLd ****
make all 
Building file: ../src/uart_shell.c
Invoking: ARM gcc compiler
arm-xilinx-eabi-gcc -Wall -O0 -g3 -c -fmessage-length=0 -MT"src/uart_shell.o" -I../../GreedyFTLd_bsp/ps7_cortexa9_0/include -MMD -MP -MF"src/uart_shell.d" -MT"src/uart_shell.d" -o "src/uart_shell.o" "../src/uart_shell.c"
../src/uart_shell.c: In function 'initializeUart':
../src/uart_shell.c:8:6: warning: unused variable 'mask' [-Wunused-variable]
  u32 mask;
      ^
Finished building: ../src/uart_shell.c
 
Building target: GreedyFTLd.elf
Invoking: ARM gcc linker
arm-xilinx-eabi-gcc -Wl,-T -Wl,../src/lscript.ld -L../../GreedyFTLd_bsp/ps7_cortexa9_0/lib -o "GreedyFTLd.elf"  ./src/nvme/host_lld.o ./src/nvme/nvme_admin_cmd.o ./src/nvme/nvme_identify.o ./src/nvme/nvme_io_cmd.o ./src/nvme/nvme_main.o  ./src/fmc_driver.o ./src/init_ftl.o ./src/low_level_scheduler.o ./src/lru_buffer.o ./src/main.o ./src/page_map.o ./src/uart_shell.o   -Wl,--start-group,-lxil,-lgcc,-lc,--end-group
Finished building target: GreedyFTLd.elf
 
Invoking: ARM Print Size
arm-xilinx-eabi-size GreedyFTLd.elf  |tee "GreedyFTLd.elf.size"
   text	   data	    bss	    dec	    hex	filename
 148040	   3144	  23340	 174524	  2a9bc	GreedyFTLd.elf
Finished building: GreedyFTLd.elf.size
 
16:17:42 **** Incremental Build of configuration Debug for project GreedyFTLd ****
make all 
make: Nothing to be done for 'all'.
16:18:27 **** Auto Build of configuration Debug for project GreedyFTLd ****
make all 
Building file: ../src/uart_shell.c
Invoking: ARM gcc compiler
arm-xilinx-eabi-gcc -Wall -O0 -g3 -c -fmessage-length=0 -MT"src/uart_shell.o" -I../../GreedyFTLd_bsp/ps7_cortexa9_0/include -MMD -MP -MF"src/uart_shell.d" -MT"src/uart_shell.d" -o "src/uart_shell.o" "../src/uart_shell.c"
../src/uart_shell.c: In function 'initializeUart':
../src/uart_shell.c:8:6: warning: unused variable 'mask' [-Wunused-variable]
  u32 mask;
      ^
Finished building: ../src/uart_shell.c
 
Building target: GreedyFTLd.elf
Invoking: ARM gcc linker
arm-xilinx-eabi-gcc -Wl,-T -Wl,../src/lscript.ld -L../../GreedyFTLd_bsp/ps7_cortexa9_0/lib -o "GreedyFTLd.elf"  ./src/nvme/host_lld.o ./src/nvme/nvme_admin_cmd.o ./src/nvme/nvme_identify.o ./src/nvme/nvme_io_cmd.o ./src/nvme/nvme_main.o  ./src/fmc_driver.o ./src/init_ftl.o ./src/low_level_scheduler.o ./src/lru_buffer.o ./src/main.o ./src/page_map.o ./src/uart_shell.o   -Wl,--start-group,-lxil,-lgcc,-lc,--end-group
Finished building target: GreedyFTLd.elf
 
Invoking: ARM Print Size
arm-xilinx-eabi-size GreedyFTLd.elf  |tee "GreedyFTLd.elf.size"
   text	   data	    bss	    dec	    hex	filename
 148140	   3144	  23340	 174624	  2aa20	GreedyFTLd.elf
Finished building: GreedyFTLd.elf.size
 
16:19:02 **** Auto Build of configuration Debug for project GreedyFTLd ****
make all 
Building file: ../src/uart_shell.c
Invoking: ARM gcc compiler
arm-xilinx-eabi-gcc -Wall -O0 -g3 -c -fmessage-length=0 -MT"src/uart_shell.o" -I../../GreedyFTLd_bsp/ps7_cortexa9_0/include -MMD -MP -MF"src/uart_shell.d" -MT"src/uart_shell.d" -o "src/uart_shell.o" "../src/uart_shell.c"
../src/uart_shell.c: In function 'initializeUart':
../src/uart_shell.c:8:6: warning: unused variable 'mask' [-Wunused-variable]
  u32 mask;
      ^
Finished building: ../src/uart_shell.c
 
Building target: GreedyFTLd.elf
Invoking: ARM gcc linker
arm-xilinx-eabi-gcc -Wl,-T -Wl,../src/lscript.ld -L../../GreedyFTLd_bsp/ps7_cortexa9_0/lib -o "GreedyFTLd.elf"  ./src/nvme/host_lld.o ./src/nvme/nvme_admin_cmd.o ./src/nvme/nvme_identify.o ./src/nvme/nvme_io_cmd.o ./src/nvme/nvme_main.o  ./src/fmc_driver.o ./src/init_ftl.o ./src/low_level_scheduler.o ./src/lru_buffer.o ./src/main.o ./src/page_map.o ./src/uart_shell.o   -Wl,--start-group,-lxil,-lgcc,-lc,--end-group
Finished building target: GreedyFTLd.elf
 
Invoking: ARM Print Size
arm-xilinx-eabi-size GreedyFTLd.elf  |tee "GreedyFTLd.elf.size"
   text	   data	    bss	    dec	    hex	filename
 148140	   3144	  23340	 174624	  2aa20	GreedyFTLd.elf
Finished building: GreedyFTLd.elf.size
 
16:19:48 **** Auto Build of configuration Debug for project GreedyFTLd ****
make all 
Building file: ../src/uart_shell.c
Invoking: ARM gcc compiler
arm-xilinx-eabi-gcc -Wall -O0 -g3 -c -fmessage-length=0 -MT"src/uart_shell.o" -I../../GreedyFTLd_bsp/ps7_cortexa9_0/include -MMD -MP -MF"src/uart_shell.d" -MT"src/uart_shell.d" -o "src/uart_shell.o" "../src/uart_shell.c"
../src/uart_shell.c: In function 'initializeUart':
../src/uart_shell.c:8:6: warning: unused variable 'mask' [-Wunused-variable]
  u32 mask;
      ^
Finished building: ../src/uart_shell.c
 
Building target: GreedyFTLd.elf
Invoking: ARM gcc linker
arm-xilinx-eabi-gcc -Wl,-T -Wl,../src/lscript.ld -L../../GreedyFTLd_bsp/ps7_cortexa9_0/lib -o "GreedyFTLd.elf"  ./src/nvme/host_lld.o ./src/nvme/nvme_admin_cmd.o ./src/nvme/nvme_identify.o ./src/nvme/nvme_io_cmd.o ./src/nvme/nvme_main.o  ./src/fmc_driver.o ./src/init_ftl.o ./src/low_level_scheduler.o ./src/lru_buffer.o ./src/main.o ./src/page_map.o ./src/uart_shell.o   -Wl,--start-group,-lxil,-lgcc,-lc,--end-group
Finished building target: GreedyFTLd.elf
 
Invoking: ARM Print Size
arm-xilinx-eabi-size GreedyFTLd.elf  |tee "GreedyFTLd.elf.size"
   text	   data	    bss	    dec	    hex	filename
 148140	   3144	  23340	 174624	  2aa20	GreedyFTLd.elf
Finished building: GreedyFTLd.elf.size
 
16:26:47 **** Auto Build of configuration Debug for project GreedyFTLd ****
make all 
Building file: ../src/uart_shell.c
Invoking: ARM gcc compiler
arm-xilinx-eabi-gcc -Wall -O0 -g3 -c -fmessage-length=0 -MT"src/uart_shell.o" -I../../GreedyFTLd_bsp/ps7_cortexa9_0/include -MMD -MP -MF"src/uart_shell.d" -MT"src/uart_shell.d" -o "src/uart_shell.o" "../src/uart_shell.c"
../src/uart_shell.c: In function 'initializeUart':
../src/uart_shell.c:8:6: warning: unused variable 'mask' [-Wunused-variable]
  u32 mask;
      ^
Finished building: ../src/uart_shell.c
 
Building target: GreedyFTLd.elf
Invoking: ARM gcc linker
arm-xilinx-eabi-gcc -Wl,-T -Wl,../src/lscript.ld -L../../GreedyFTLd_bsp/ps7_cortexa9_0/lib -o "GreedyFTLd.elf"  ./src/nvme/host_lld.o ./src/nvme/nvme_admin_cmd.o ./src/nvme/nvme_identify.o ./src/nvme/nvme_io_cmd.o ./src/nvme/nvme_main.o  ./src/fmc_driver.o ./src/init_ftl.o ./src/low_level_scheduler.o ./src/lru_buffer.o ./src/main.o ./src/page_map.o ./src/uart_shell.o   -Wl,--start-group,-lxil,-lgcc,-lc,--end-group
Finished building target: GreedyFTLd.elf
 
Invoking: ARM Print Size
arm-xilinx-eabi-size GreedyFTLd.elf  |tee "GreedyFTLd.elf.size"
   text	   data	    bss	    dec	    hex	filename
 148140	   3144	  23340	 174624	  2aa20	GreedyFTLd.elf
Finished building: GreedyFTLd.elf.size
 
11:31:48 **** Auto Build of configuration Debug for project GreedyFTLd ****
make all 
Building file: ../src/uart_shell.c
Invoking: ARM gcc compiler
arm-xilinx-eabi-gcc -Wall -O0 -g3 -c -fmessage-length=0 -MT"src/uart_shell.o" -I../../GreedyFTLd_bsp/ps7_cortexa9_0/include -MMD -MP -MF"src/uart_shell.d" -MT"src/uart_shell.d" -o "src/uart_shell.o" "../src/uart_shell.c"
../src/uart_shell.c: In function 'initializeUart':
../src/uart_shell.c:8:6: warning: unused variable 'mask' [-Wunused-variable]
  u32 mask;
      ^
Finished building: ../src/uart_shell.c
 
Building target: GreedyFTLd.elf
Invoking: ARM gcc linker
arm-xilinx-eabi-gcc -Wl,-T -Wl,../src/lscript.ld -L../../GreedyFTLd_bsp/ps7_cortexa9_0/lib -o "GreedyFTLd.elf"  ./src/nvme/host_lld.o ./src/nvme/nvme_admin_cmd.o ./src/nvme/nvme_identify.o ./src/nvme/nvme_io_cmd.o ./src/nvme/nvme_main.o  ./src/fmc_driver.o ./src/init_ftl.o ./src/low_level_scheduler.o ./src/lru_buffer.o ./src/main.o ./src/page_map.o ./src/uart_shell.o   -Wl,--start-group,-lxil,-lgcc,-lc,--end-group
Finished building target: GreedyFTLd.elf
 
Invoking: ARM Print Size
arm-xilinx-eabi-size GreedyFTLd.elf  |tee "GreedyFTLd.elf.size"
   text	   data	    bss	    dec	    hex	filename
 148140	   3144	  23340	 174624	  2aa20	GreedyFTLd.elf
Finished building: GreedyFTLd.elf.size
 
